00:00 +0: loading C:/Users/alext/Downloads/nutritracker/nutritracker/test/recipe/recipe_premium_test.dart
00:00 +0: Free users see PRO overlays on premium recipes
══╡ EXCEPTION CAUGHT BY WIDGETS LIBRARY ╞═══════════════════════════════════════════════════════════
The following _TypeError was thrown building RecipeCardWidget(dirty, dependencies:
[_LocalizationsScope-[GlobalKey#263e9]]):
Null check operator used on a null value

The relevant error-causing widget was:
  RecipeCardWidget
  RecipeCardWidget:file:///C:/Users/alext/Downloads/nutritracker/nutritracker/lib/presentation/recipe_browser/widgets/recipe_grid_widget.dart:58:18

When the exception was thrown, this was the stack:
#0      RecipeCardWidget.build (package:nutriz/presentation/recipe_browser/widgets/recipe_card_widget.dart:28:43)
#1      StatelessElement.build (package:flutter/src/widgets/framework.dart:5892:49)
#2      ComponentElement.performRebuild (package:flutter/src/widgets/framework.dart:5820:15)
#3      Element.rebuild (package:flutter/src/widgets/framework.dart:5532:7)
#4      ComponentElement._firstBuild (package:flutter/src/widgets/framework.dart:5802:5)
#5      ComponentElement.mount (package:flutter/src/widgets/framework.dart:5796:5)
...     Normal element mounting (41 frames)
#46     Element.inflateWidget (package:flutter/src/widgets/framework.dart:4590:20)
#47     Element.updateChild (package:flutter/src/widgets/framework.dart:4059:18)
#48     SliverMultiBoxAdaptorElement.updateChild (package:flutter/src/widgets/sliver.dart:1068:37)
#49     SliverMultiBoxAdaptorElement.createChild.<anonymous closure> (package:flutter/src/widgets/sliver.dart:1052:20)
#50     BuildOwner.buildScope (package:flutter/src/widgets/framework.dart:3101:19)
#51     SliverMultiBoxAdaptorElement.createChild (package:flutter/src/widgets/sliver.dart:1042:12)
#52     RenderSliverMultiBoxAdaptor._createOrObtainChild.<anonymous closure> (package:flutter/src/rendering/sliver_multi_box_adaptor.dart:372:23)
#53     RenderObject.invokeLayoutCallback.<anonymous closure> (package:flutter/src/rendering/object.dart:2894:17)
#54     PipelineOwner._enableMutationsToDirtySubtrees (package:flutter/src/rendering/object.dart:1219:15)
#55     RenderObject.invokeLayoutCallback (package:flutter/src/rendering/object.dart:2893:14)
#56     RenderSliverMultiBoxAdaptor._createOrObtainChild (package:flutter/src/rendering/sliver_multi_box_adaptor.dart:360:5)
#57     RenderSliverMultiBoxAdaptor.addInitialChild (package:flutter/src/rendering/sliver_multi_box_adaptor.dart:460:5)
#58     RenderSliverGrid.performLayout (package:flutter/src/rendering/sliver_grid.dart:624:12)
#59     RenderObject.layout (package:flutter/src/rendering/object.dart:2775:7)
#60     RenderSliverEdgeInsetsPadding.performLayout (package:flutter/src/rendering/sliver_padding.dart:133:12)
#61     RenderSliverPadding.performLayout (package:flutter/src/rendering/sliver_padding.dart:371:11)
#62     RenderObject.layout (package:flutter/src/rendering/object.dart:2775:7)
#63     RenderViewportBase.layoutChildSequence (package:flutter/src/rendering/viewport.dart:673:13)
#64     RenderViewport._attemptLayout (package:flutter/src/rendering/viewport.dart:1684:12)
#65     RenderViewport.performLayout (package:flutter/src/rendering/viewport.dart:1575:20)
#66     RenderObject.layout (package:flutter/src/rendering/object.dart:2775:7)
#67     RenderProxyBoxMixin.performLayout (package:flutter/src/rendering/proxy_box.dart:115:18)
#68     RenderObject.layout (package:flutter/src/rendering/object.dart:2775:7)
#69     RenderProxyBoxMixin.performLayout (package:flutter/src/rendering/proxy_box.dart:115:18)
#70     RenderObject.layout (package:flutter/src/rendering/object.dart:2775:7)
#71     RenderProxyBoxMixin.performLayout (package:flutter/src/rendering/proxy_box.dart:115:18)
#72     RenderObject.layout (package:flutter/src/rendering/object.dart:2775:7)
#73     RenderProxyBoxMixin.performLayout (package:flutter/src/rendering/proxy_box.dart:115:18)
#74     RenderObject.layout (package:flutter/src/rendering/object.dart:2775:7)
#75     RenderProxyBoxMixin.performLayout (package:flutter/src/rendering/proxy_box.dart:115:18)
#76     RenderObject.layout (package:flutter/src/rendering/object.dart:2775:7)
#77     RenderProxyBoxMixin.performLayout (package:flutter/src/rendering/proxy_box.dart:115:18)
#78     RenderObject.layout (package:flutter/src/rendering/object.dart:2775:7)
#79     RenderProxyBoxMixin.performLayout (package:flutter/src/rendering/proxy_box.dart:115:18)
#80     RenderObject.layout (package:flutter/src/rendering/object.dart:2775:7)
#81     RenderProxyBoxMixin.performLayout (package:flutter/src/rendering/proxy_box.dart:115:18)
#82     _RenderCustomClip.performLayout (package:flutter/src/rendering/proxy_box.dart:1481:11)
#83     RenderObject.layout (package:flutter/src/rendering/object.dart:2775:7)
#84     ChildLayoutHelper.layoutChild (package:flutter/src/rendering/layout_helper.dart:62:11)
#85     RenderStack._computeSize (package:flutter/src/rendering/stack.dart:645:43)
#86     RenderStack.performLayout (package:flutter/src/rendering/stack.dart:680:12)
#87     RenderObject.layout (package:flutter/src/rendering/object.dart:2775:7)
#88     ChildLayoutHelper.layoutChild (package:flutter/src/rendering/layout_helper.dart:62:11)
#89     RenderFlex._computeSizes (package:flutter/src/rendering/flex.dart:1203:26)
#90     RenderFlex.performLayout (package:flutter/src/rendering/flex.dart:1257:32)
#91     RenderObject.layout (package:flutter/src/rendering/object.dart:2775:7)
#92     MultiChildLayoutDelegate.layoutChild (package:flutter/src/rendering/custom_layout.dart:180:12)
#93     _ScaffoldLayout.performLayout (package:flutter/src/material/scaffold.dart:1112:7)
#94     MultiChildLayoutDelegate._callPerformLayout (package:flutter/src/rendering/custom_layout.dart:249:7)
#95     RenderCustomMultiChildLayoutBox.performLayout (package:flutter/src/rendering/custom_layout.dart:420:14)
#96     RenderObject.layout (package:flutter/src/rendering/object.dart:2775:7)
#97     RenderProxyBoxMixin.performLayout (package:flutter/src/rendering/proxy_box.dart:115:18)
#98     RenderObject.layout (package:flutter/src/rendering/object.dart:2775:7)
#99     RenderProxyBoxMixin.performLayout (package:flutter/src/rendering/proxy_box.dart:115:18)
#100    _RenderCustomClip.performLayout (package:flutter/src/rendering/proxy_box.dart:1481:11)
#101    RenderObject.layout (package:flutter/src/rendering/object.dart:2775:7)
#102    RenderProxyBoxMixin.performLayout (package:flutter/src/rendering/proxy_box.dart:115:18)
#103    RenderObject.layout (package:flutter/src/rendering/object.dart:2775:7)
#104    RenderProxyBoxMixin.performLayout (package:flutter/src/rendering/proxy_box.dart:115:18)
#105    RenderObject.layout (package:flutter/src/rendering/object.dart:2775:7)
#106    RenderProxyBoxMixin.performLayout (package:flutter/src/rendering/proxy_box.dart:115:18)
#107    RenderObject.layout (package:flutter/src/rendering/object.dart:2775:7)
#108    RenderProxyBoxMixin.performLayout (package:flutter/src/rendering/proxy_box.dart:115:18)
#109    RenderObject.layout (package:flutter/src/rendering/object.dart:2775:7)
#110    RenderProxyBoxMixin.performLayout (package:flutter/src/rendering/proxy_box.dart:115:18)
#111    RenderObject.layout (package:flutter/src/rendering/object.dart:2775:7)
#112    RenderProxyBoxMixin.performLayout (package:flutter/src/rendering/proxy_box.dart:115:18)
#113    RenderObject.layout (package:flutter/src/rendering/object.dart:2775:7)
#114    RenderProxyBoxMixin.performLayout (package:flutter/src/rendering/proxy_box.dart:115:18)
#115    RenderObject.layout (package:flutter/src/rendering/object.dart:2775:7)
#116    RenderProxyBoxMixin.performLayout (package:flutter/src/rendering/proxy_box.dart:115:18)
#117    RenderObject.layout (package:flutter/src/rendering/object.dart:2775:7)
#118    RenderProxyBoxMixin.performLayout (package:flutter/src/rendering/proxy_box.dart:115:18)
#119    RenderObject.layout (package:flutter/src/rendering/object.dart:2775:7)
#120    RenderProxyBoxMixin.performLayout (package:flutter/src/rendering/proxy_box.dart:115:18)
#121    RenderObject.layout (package:flutter/src/rendering/object.dart:2775:7)
#122    RenderProxyBoxMixin.performLayout (package:flutter/src/rendering/proxy_box.dart:115:18)
#123    RenderObject.layout (package:flutter/src/rendering/object.dart:2775:7)
#124    RenderProxyBoxMixin.performLayout (package:flutter/src/rendering/proxy_box.dart:115:18)
#125    RenderObject.layout (package:flutter/src/rendering/object.dart:2775:7)
#126    RenderProxyBoxMixin.performLayout (package:flutter/src/rendering/proxy_box.dart:115:18)
#127    RenderObject.layout (package:flutter/src/rendering/object.dart:2775:7)
#128    RenderProxyBoxMixin.performLayout (package:flutter/src/rendering/proxy_box.dart:115:18)
#129    RenderObject.layout (package:flutter/src/rendering/object.dart:2775:7)
#130    RenderProxyBoxMixin.performLayout (package:flutter/src/rendering/proxy_box.dart:115:18)
#131    RenderObject.layout (package:flutter/src/rendering/object.dart:2775:7)
#132    RenderProxyBoxMixin.performLayout (package:flutter/src/rendering/proxy_box.dart:115:18)
#133    RenderOffstage.performLayout (package:flutter/src/rendering/proxy_box.dart:3848:13)
#134    RenderObject.layout (package:flutter/src/rendering/object.dart:2775:7)
#135    RenderProxyBoxMixin.performLayout (package:flutter/src/rendering/proxy_box.dart:115:18)
#136    RenderObject.layout (package:flutter/src/rendering/object.dart:2775:7)
#137    _RenderTheaterMixin.layoutChild (package:flutter/src/widgets/overlay.dart:1084:13)
#138    _RenderTheater.performLayout (package:flutter/src/widgets/overlay.dart:1429:9)
#139    RenderObject.layout (package:flutter/src/rendering/object.dart:2775:7)
#140    RenderProxyBoxMixin.performLayout (package:flutter/src/rendering/proxy_box.dart:115:18)
#141    RenderObject.layout (package:flutter/src/rendering/object.dart:2775:7)
#142    RenderProxyBoxMixin.performLayout (package:flutter/src/rendering/proxy_box.dart:115:18)
#143    RenderObject.layout (package:flutter/src/rendering/object.dart:2775:7)
#144    RenderProxyBoxMixin.performLayout (package:flutter/src/rendering/proxy_box.dart:115:18)
#145    RenderObject.layout (package:flutter/src/rendering/object.dart:2775:7)
#146    RenderProxyBoxMixin.performLayout (package:flutter/src/rendering/proxy_box.dart:115:18)
#147    RenderCustomPaint.performLayout (package:flutter/src/rendering/custom_paint.dart:574:11)
#148    RenderObject.layout (package:flutter/src/rendering/object.dart:2775:7)
#149    RenderProxyBoxMixin.performLayout (package:flutter/src/rendering/proxy_box.dart:115:18)
#150    RenderObject.layout (package:flutter/src/rendering/object.dart:2775:7)
#151    RenderProxyBoxMixin.performLayout (package:flutter/src/rendering/proxy_box.dart:115:18)
#152    RenderObject.layout (package:flutter/src/rendering/object.dart:2775:7)
#153    RenderProxyBoxMixin.performLayout (package:flutter/src/rendering/proxy_box.dart:115:18)
#154    RenderObject.layout (package:flutter/src/rendering/object.dart:2775:7)
#155    RenderProxyBoxMixin.performLayout (package:flutter/src/rendering/proxy_box.dart:115:18)
#156    RenderObject.layout (package:flutter/src/rendering/object.dart:2775:7)
#157    RenderProxyBoxMixin.performLayout (package:flutter/src/rendering/proxy_box.dart:115:18)
#158    RenderObject.layout (package:flutter/src/rendering/object.dart:2775:7)
#159    RenderProxyBoxMixin.performLayout (package:flutter/src/rendering/proxy_box.dart:115:18)
#160    RenderObject.layout (package:flutter/src/rendering/object.dart:2775:7)
#161    _RenderLayoutBuilder.performLayout (package:flutter/src/widgets/layout_builder.dart:450:14)
#162    RenderObject.layout (package:flutter/src/rendering/object.dart:2775:7)
#163    _RenderLayoutBuilder.performLayout (package:flutter/src/widgets/layout_builder.dart:450:14)
#164    RenderObject.layout (package:flutter/src/rendering/object.dart:2775:7)
#165    RenderView.performLayout (package:flutter/src/rendering/view.dart:294:12)
#166    RenderObject._layoutWithoutResize (package:flutter/src/rendering/object.dart:2623:7)
#167    PipelineOwner.flushLayout (package:flutter/src/rendering/object.dart:1170:18)
#168    PipelineOwner.flushLayout (package:flutter/src/rendering/object.dart:1183:15)
#169    AutomatedTestWidgetsFlutterBinding.drawFrame (package:flutter_test/src/binding.dart:1508:27)
#170    RendererBinding._handlePersistentFrameCallback (package:flutter/src/rendering/binding.dart:495:5)
#171    SchedulerBinding._invokeFrameCallback (package:flutter/src/scheduler/binding.dart:1434:15)
#172    SchedulerBinding.handleDrawFrame (package:flutter/src/scheduler/binding.dart:1347:9)
#173    AutomatedTestWidgetsFlutterBinding.pump.<anonymous closure> (package:flutter_test/src/binding.dart:1335:9)
#176    TestAsyncUtils.guard (package:flutter_test/src/test_async_utils.dart:74:41)
#177    AutomatedTestWidgetsFlutterBinding.pump (package:flutter_test/src/binding.dart:1324:27)
#178    WidgetTester.pumpWidget.<anonymous closure> (package:flutter_test/src/widget_tester.dart:598:22)
#181    TestAsyncUtils.guard (package:flutter_test/src/test_async_utils.dart:74:41)
#182    WidgetTester.pumpWidget (package:flutter_test/src/widget_tester.dart:595:27)
#183    main.<anonymous closure> (file:///C:/Users/alext/Downloads/nutritracker/nutritracker/test/recipe/recipe_premium_test.dart:24:18)
#184    testWidgets.<anonymous closure>.<anonymous closure> (package:flutter_test/src/widget_tester.dart:192:29)
<asynchronous suspension>
#185    TestWidgetsFlutterBinding._runTestBody (package:flutter_test/src/binding.dart:1059:5)
<asynchronous suspension>
<asynchronous suspension>
(elided 5 frames from dart:async and package:stack_trace)

════════════════════════════════════════════════════════════════════════════════════════════════════
══╡ EXCEPTION CAUGHT BY WIDGETS LIBRARY ╞═══════════════════════════════════════════════════════════
The following _TypeError was thrown building RecipeCardWidget(dirty, dependencies:
[_LocalizationsScope-[GlobalKey#263e9]]):
Null check operator used on a null value

The relevant error-causing widget was:
  RecipeCardWidget
  RecipeCardWidget:file:///C:/Users/alext/Downloads/nutritracker/nutritracker/lib/presentation/recipe_browser/widgets/recipe_grid_widget.dart:58:18

When the exception was thrown, this was the stack:
#0      RecipeCardWidget.build (package:nutriz/presentation/recipe_browser/widgets/recipe_card_widget.dart:28:43)
#1      StatelessElement.build (package:flutter/src/widgets/framework.dart:5892:49)
#2      ComponentElement.performRebuild (package:flutter/src/widgets/framework.dart:5820:15)
#3      Element.rebuild (package:flutter/src/widgets/framework.dart:5532:7)
#4      ComponentElement._firstBuild (package:flutter/src/widgets/framework.dart:5802:5)
#5      ComponentElement.mount (package:flutter/src/widgets/framework.dart:5796:5)
...     Normal element mounting (41 frames)
#46     Element.inflateWidget (package:flutter/src/widgets/framework.dart:4590:20)
#47     Element.updateChild (package:flutter/src/widgets/framework.dart:4059:18)
#48     SliverMultiBoxAdaptorElement.updateChild (package:flutter/src/widgets/sliver.dart:1068:37)
#49     SliverMultiBoxAdaptorElement.createChild.<anonymous closure> (package:flutter/src/widgets/sliver.dart:1052:20)
#50     BuildOwner.buildScope (package:flutter/src/widgets/framework.dart:3101:19)
#51     SliverMultiBoxAdaptorElement.createChild (package:flutter/src/widgets/sliver.dart:1042:12)
#52     RenderSliverMultiBoxAdaptor._createOrObtainChild.<anonymous closure> (package:flutter/src/rendering/sliver_multi_box_adaptor.dart:372:23)
#53     RenderObject.invokeLayoutCallback.<anonymous closure> (package:flutter/src/rendering/object.dart:2894:17)
#54     PipelineOwner._enableMutationsToDirtySubtrees (package:flutter/src/rendering/object.dart:1219:15)
#55     RenderObject.invokeLayoutCallback (package:flutter/src/rendering/object.dart:2893:14)
#56     RenderSliverMultiBoxAdaptor._createOrObtainChild (package:flutter/src/rendering/sliver_multi_box_adaptor.dart:360:5)
#57     RenderSliverMultiBoxAdaptor.insertAndLayoutChild (package:flutter/src/rendering/sliver_multi_box_adaptor.dart:523:5)
#58     RenderSliverGrid.performLayout (package:flutter/src/rendering/sliver_grid.dart:668:17)
#59     RenderObject.layout (package:flutter/src/rendering/object.dart:2775:7)
#60     RenderSliverEdgeInsetsPadding.performLayout (package:flutter/src/rendering/sliver_padding.dart:133:12)
#61     RenderSliverPadding.performLayout (package:flutter/src/rendering/sliver_padding.dart:371:11)
#62     RenderObject.layout (package:flutter/src/rendering/object.dart:2775:7)
#63     RenderViewportBase.layoutChildSequence (package:flutter/src/rendering/viewport.dart:673:13)
#64     RenderViewport._attemptLayout (package:flutter/src/rendering/viewport.dart:1684:12)
#65     RenderViewport.performLayout (package:flutter/src/rendering/viewport.dart:1575:20)
#66     RenderObject.layout (package:flutter/src/rendering/object.dart:2775:7)
#67     RenderProxyBoxMixin.performLayout (package:flutter/src/rendering/proxy_box.dart:115:18)
#68     RenderObject.layout (package:flutter/src/rendering/object.dart:2775:7)
#69     RenderProxyBoxMixin.performLayout (package:flutter/src/rendering/proxy_box.dart:115:18)
#70     RenderObject.layout (package:flutter/src/rendering/object.dart:2775:7)
#71     RenderProxyBoxMixin.performLayout (package:flutter/src/rendering/proxy_box.dart:115:18)
#72     RenderObject.layout (package:flutter/src/rendering/object.dart:2775:7)
#73     RenderProxyBoxMixin.performLayout (package:flutter/src/rendering/proxy_box.dart:115:18)
#74     RenderObject.layout (package:flutter/src/rendering/object.dart:2775:7)
#75     RenderProxyBoxMixin.performLayout (package:flutter/src/rendering/proxy_box.dart:115:18)
#76     RenderObject.layout (package:flutter/src/rendering/object.dart:2775:7)
#77     RenderProxyBoxMixin.performLayout (package:flutter/src/rendering/proxy_box.dart:115:18)
#78     RenderObject.layout (package:flutter/src/rendering/object.dart:2775:7)
#79     RenderProxyBoxMixin.performLayout (package:flutter/src/rendering/proxy_box.dart:115:18)
#80     RenderObject.layout (package:flutter/src/rendering/object.dart:2775:7)
#81     RenderProxyBoxMixin.performLayout (package:flutter/src/rendering/proxy_box.dart:115:18)
#82     _RenderCustomClip.performLayout (package:flutter/src/rendering/proxy_box.dart:1481:11)
#83     RenderObject.layout (package:flutter/src/rendering/object.dart:2775:7)
#84     ChildLayoutHelper.layoutChild (package:flutter/src/rendering/layout_helper.dart:62:11)
#85     RenderStack._computeSize (package:flutter/src/rendering/stack.dart:645:43)
#86     RenderStack.performLayout (package:flutter/src/rendering/stack.dart:680:12)
#87     RenderObject.layout (package:flutter/src/rendering/object.dart:2775:7)
#88     ChildLayoutHelper.layoutChild (package:flutter/src/rendering/layout_helper.dart:62:11)
#89     RenderFlex._computeSizes (package:flutter/src/rendering/flex.dart:1203:26)
#90     RenderFlex.performLayout (package:flutter/src/rendering/flex.dart:1257:32)
#91     RenderObject.layout (package:flutter/src/rendering/object.dart:2775:7)
#92     MultiChildLayoutDelegate.layoutChild (package:flutter/src/rendering/custom_layout.dart:180:12)
#93     _ScaffoldLayout.performLayout (package:flutter/src/material/scaffold.dart:1112:7)
#94     MultiChildLayoutDelegate._callPerformLayout (package:flutter/src/rendering/custom_layout.dart:249:7)
#95     RenderCustomMultiChildLayoutBox.performLayout (package:flutter/src/rendering/custom_layout.dart:420:14)
#96     RenderObject.layout (package:flutter/src/rendering/object.dart:2775:7)
#97     RenderProxyBoxMixin.performLayout (package:flutter/src/rendering/proxy_box.dart:115:18)
#98     RenderObject.layout (package:flutter/src/rendering/object.dart:2775:7)
#99     RenderProxyBoxMixin.performLayout (package:flutter/src/rendering/proxy_box.dart:115:18)
#100    _RenderCustomClip.performLayout (package:flutter/src/rendering/proxy_box.dart:1481:11)
#101    RenderObject.layout (package:flutter/src/rendering/object.dart:2775:7)
#102    RenderProxyBoxMixin.performLayout (package:flutter/src/rendering/proxy_box.dart:115:18)
#103    RenderObject.layout (package:flutter/src/rendering/object.dart:2775:7)
#104    RenderProxyBoxMixin.performLayout (package:flutter/src/rendering/proxy_box.dart:115:18)
#105    RenderObject.layout (package:flutter/src/rendering/object.dart:2775:7)
#106    RenderProxyBoxMixin.performLayout (package:flutter/src/rendering/proxy_box.dart:115:18)
#107    RenderObject.layout (package:flutter/src/rendering/object.dart:2775:7)
#108    RenderProxyBoxMixin.performLayout (package:flutter/src/rendering/proxy_box.dart:115:18)
#109    RenderObject.layout (package:flutter/src/rendering/object.dart:2775:7)
#110    RenderProxyBoxMixin.performLayout (package:flutter/src/rendering/proxy_box.dart:115:18)
#111    RenderObject.layout (package:flutter/src/rendering/object.dart:2775:7)
#112    RenderProxyBoxMixin.performLayout (package:flutter/src/rendering/proxy_box.dart:115:18)
#113    RenderObject.layout (package:flutter/src/rendering/object.dart:2775:7)
#114    RenderProxyBoxMixin.performLayout (package:flutter/src/rendering/proxy_box.dart:115:18)
#115    RenderObject.layout (package:flutter/src/rendering/object.dart:2775:7)
#116    RenderProxyBoxMixin.performLayout (package:flutter/src/rendering/proxy_box.dart:115:18)
#117    RenderObject.layout (package:flutter/src/rendering/object.dart:2775:7)
#118    RenderProxyBoxMixin.performLayout (package:flutter/src/rendering/proxy_box.dart:115:18)
#119    RenderObject.layout (package:flutter/src/rendering/object.dart:2775:7)
#120    RenderProxyBoxMixin.performLayout (package:flutter/src/rendering/proxy_box.dart:115:18)
#121    RenderObject.layout (package:flutter/src/rendering/object.dart:2775:7)
#122    RenderProxyBoxMixin.performLayout (package:flutter/src/rendering/proxy_box.dart:115:18)
#123    RenderObject.layout (package:flutter/src/rendering/object.dart:2775:7)
#124    RenderProxyBoxMixin.performLayout (package:flutter/src/rendering/proxy_box.dart:115:18)
#125    RenderObject.layout (package:flutter/src/rendering/object.dart:2775:7)
#126    RenderProxyBoxMixin.performLayout (package:flutter/src/rendering/proxy_box.dart:115:18)
#127    RenderObject.layout (package:flutter/src/rendering/object.dart:2775:7)
#128    RenderProxyBoxMixin.performLayout (package:flutter/src/rendering/proxy_box.dart:115:18)
#129    RenderObject.layout (package:flutter/src/rendering/object.dart:2775:7)
#130    RenderProxyBoxMixin.performLayout (package:flutter/src/rendering/proxy_box.dart:115:18)
#131    RenderObject.layout (package:flutter/src/rendering/object.dart:2775:7)
#132    RenderProxyBoxMixin.performLayout (package:flutter/src/rendering/proxy_box.dart:115:18)
#133    RenderOffstage.performLayout (package:flutter/src/rendering/proxy_box.dart:3848:13)
#134    RenderObject.layout (package:flutter/src/rendering/object.dart:2775:7)
#135    RenderProxyBoxMixin.performLayout (package:flutter/src/rendering/proxy_box.dart:115:18)
#136    RenderObject.layout (package:flutter/src/rendering/object.dart:2775:7)
#137    _RenderTheaterMixin.layoutChild (package:flutter/src/widgets/overlay.dart:1084:13)
#138    _RenderTheater.performLayout (package:flutter/src/widgets/overlay.dart:1429:9)
#139    RenderObject.layout (package:flutter/src/rendering/object.dart:2775:7)
#140    RenderProxyBoxMixin.performLayout (package:flutter/src/rendering/proxy_box.dart:115:18)
#141    RenderObject.layout (package:flutter/src/rendering/object.dart:2775:7)
#142    RenderProxyBoxMixin.performLayout (package:flutter/src/rendering/proxy_box.dart:115:18)
#143    RenderObject.layout (package:flutter/src/rendering/object.dart:2775:7)
#144    RenderProxyBoxMixin.performLayout (package:flutter/src/rendering/proxy_box.dart:115:18)
#145    RenderObject.layout (package:flutter/src/rendering/object.dart:2775:7)
#146    RenderProxyBoxMixin.performLayout (package:flutter/src/rendering/proxy_box.dart:115:18)
#147    RenderCustomPaint.performLayout (package:flutter/src/rendering/custom_paint.dart:574:11)
#148    RenderObject.layout (package:flutter/src/rendering/object.dart:2775:7)
#149    RenderProxyBoxMixin.performLayout (package:flutter/src/rendering/proxy_box.dart:115:18)
#150    RenderObject.layout (package:flutter/src/rendering/object.dart:2775:7)
#151    RenderProxyBoxMixin.performLayout (package:flutter/src/rendering/proxy_box.dart:115:18)
#152    RenderObject.layout (package:flutter/src/rendering/object.dart:2775:7)
#153    RenderProxyBoxMixin.performLayout (package:flutter/src/rendering/proxy_box.dart:115:18)
#154    RenderObject.layout (package:flutter/src/rendering/object.dart:2775:7)
#155    RenderProxyBoxMixin.performLayout (package:flutter/src/rendering/proxy_box.dart:115:18)
#156    RenderObject.layout (package:flutter/src/rendering/object.dart:2775:7)
#157    RenderProxyBoxMixin.performLayout (package:flutter/src/rendering/proxy_box.dart:115:18)
#158    RenderObject.layout (package:flutter/src/rendering/object.dart:2775:7)
#159    RenderProxyBoxMixin.performLayout (package:flutter/src/rendering/proxy_box.dart:115:18)
#160    RenderObject.layout (package:flutter/src/rendering/object.dart:2775:7)
#161    _RenderLayoutBuilder.performLayout (package:flutter/src/widgets/layout_builder.dart:450:14)
#162    RenderObject.layout (package:flutter/src/rendering/object.dart:2775:7)
#163    _RenderLayoutBuilder.performLayout (package:flutter/src/widgets/layout_builder.dart:450:14)
#164    RenderObject.layout (package:flutter/src/rendering/object.dart:2775:7)
#165    RenderView.performLayout (package:flutter/src/rendering/view.dart:294:12)
#166    RenderObject._layoutWithoutResize (package:flutter/src/rendering/object.dart:2623:7)
#167    PipelineOwner.flushLayout (package:flutter/src/rendering/object.dart:1170:18)
#168    PipelineOwner.flushLayout (package:flutter/src/rendering/object.dart:1183:15)
#169    AutomatedTestWidgetsFlutterBinding.drawFrame (package:flutter_test/src/binding.dart:1508:27)
#170    RendererBinding._handlePersistentFrameCallback (package:flutter/src/rendering/binding.dart:495:5)
#171    SchedulerBinding._invokeFrameCallback (package:flutter/src/scheduler/binding.dart:1434:15)
#172    SchedulerBinding.handleDrawFrame (package:flutter/src/scheduler/binding.dart:1347:9)
#173    AutomatedTestWidgetsFlutterBinding.pump.<anonymous closure> (package:flutter_test/src/binding.dart:1335:9)
#176    TestAsyncUtils.guard (package:flutter_test/src/test_async_utils.dart:74:41)
#177    AutomatedTestWidgetsFlutterBinding.pump (package:flutter_test/src/binding.dart:1324:27)
#178    WidgetTester.pumpWidget.<anonymous closure> (package:flutter_test/src/widget_tester.dart:598:22)
#181    TestAsyncUtils.guard (package:flutter_test/src/test_async_utils.dart:74:41)
#182    WidgetTester.pumpWidget (package:flutter_test/src/widget_tester.dart:595:27)
#183    main.<anonymous closure> (file:///C:/Users/alext/Downloads/nutritracker/nutritracker/test/recipe/recipe_premium_test.dart:24:18)
#184    testWidgets.<anonymous closure>.<anonymous closure> (package:flutter_test/src/widget_tester.dart:192:29)
<asynchronous suspension>
#185    TestWidgetsFlutterBinding._runTestBody (package:flutter_test/src/binding.dart:1059:5)
<asynchronous suspension>
<asynchronous suspension>
(elided 5 frames from dart:async and package:stack_trace)

════════════════════════════════════════════════════════════════════════════════════════════════════
DEBUG: _loadPremiumStatus status: false
══╡ EXCEPTION CAUGHT BY FLUTTER TEST FRAMEWORK ╞════════════════════════════════════════════════════
The following TestFailure was thrown running a test:
Expected: at least one matching candidate
  Actual: _TextWidgetFinder:<Found 0 widgets with text "Somente PRO": []>
   Which: means none were found but some were expected

When the exception was thrown, this was the stack:
#4      main.<anonymous closure> (file:///C:/Users/alext/Downloads/nutritracker/nutritracker/test/recipe/recipe_premium_test.dart:29:5)
<asynchronous suspension>
#5      testWidgets.<anonymous closure>.<anonymous closure> (package:flutter_test/src/widget_tester.dart:192:15)
<asynchronous suspension>
#6      TestWidgetsFlutterBinding._runTestBody (package:flutter_test/src/binding.dart:1059:5)
<asynchronous suspension>
<asynchronous suspension>
(elided one frame from package:stack_trace)

This was caught by the test expectation on the following line:
  file:///C:/Users/alext/Downloads/nutritracker/nutritracker/test/recipe/recipe_premium_test.dart line 29
The test description was:
  Free users see PRO overlays on premium recipes
════════════════════════════════════════════════════════════════════════════════════════════════════
══╡ EXCEPTION CAUGHT BY FLUTTER TEST FRAMEWORK ╞════════════════════════════════════════════════════
The following message was thrown:
Multiple exceptions (3) were detected during the running of the current test, and at least one was
unexpected.
════════════════════════════════════════════════════════════════════════════════════════════════════
00:02 +0 -1: Free users see PRO overlays on premium recipes [E]
  Test failed. See exception logs above.
  The test description was: Free users see PRO overlays on premium recipes
  
00:02 +0 -1: Premium users não veem bloqueios nas receitas
══╡ EXCEPTION CAUGHT BY WIDGETS LIBRARY ╞═══════════════════════════════════════════════════════════
The following _TypeError was thrown building RecipeCardWidget(dirty, dependencies:
[_LocalizationsScope-[GlobalKey#93254]]):
Null check operator used on a null value

The relevant error-causing widget was:
  RecipeCardWidget
  RecipeCardWidget:file:///C:/Users/alext/Downloads/nutritracker/nutritracker/lib/presentation/recipe_browser/widgets/recipe_grid_widget.dart:58:18

When the exception was thrown, this was the stack:
#0      RecipeCardWidget.build (package:nutriz/presentation/recipe_browser/widgets/recipe_card_widget.dart:28:43)
#1      StatelessElement.build (package:flutter/src/widgets/framework.dart:5892:49)
#2      ComponentElement.performRebuild (package:flutter/src/widgets/framework.dart:5820:15)
#3      Element.rebuild (package:flutter/src/widgets/framework.dart:5532:7)
#4      ComponentElement._firstBuild (package:flutter/src/widgets/framework.dart:5802:5)
#5      ComponentElement.mount (package:flutter/src/widgets/framework.dart:5796:5)
...     Normal element mounting (41 frames)
#46     Element.inflateWidget (package:flutter/src/widgets/framework.dart:4590:20)
#47     Element.updateChild (package:flutter/src/widgets/framework.dart:4059:18)
#48     SliverMultiBoxAdaptorElement.updateChild (package:flutter/src/widgets/sliver.dart:1068:37)
#49     SliverMultiBoxAdaptorElement.createChild.<anonymous closure> (package:flutter/src/widgets/sliver.dart:1052:20)
#50     BuildOwner.buildScope (package:flutter/src/widgets/framework.dart:3101:19)
#51     SliverMultiBoxAdaptorElement.createChild (package:flutter/src/widgets/sliver.dart:1042:12)
#52     RenderSliverMultiBoxAdaptor._createOrObtainChild.<anonymous closure> (package:flutter/src/rendering/sliver_multi_box_adaptor.dart:372:23)
#53     RenderObject.invokeLayoutCallback.<anonymous closure> (package:flutter/src/rendering/object.dart:2894:17)
#54     PipelineOwner._enableMutationsToDirtySubtrees (package:flutter/src/rendering/object.dart:1219:15)
#55     RenderObject.invokeLayoutCallback (package:flutter/src/rendering/object.dart:2893:14)
#56     RenderSliverMultiBoxAdaptor._createOrObtainChild (package:flutter/src/rendering/sliver_multi_box_adaptor.dart:360:5)
#57     RenderSliverMultiBoxAdaptor.addInitialChild (package:flutter/src/rendering/sliver_multi_box_adaptor.dart:460:5)
#58     RenderSliverGrid.performLayout (package:flutter/src/rendering/sliver_grid.dart:624:12)
#59     RenderObject.layout (package:flutter/src/rendering/object.dart:2775:7)
#60     RenderSliverEdgeInsetsPadding.performLayout (package:flutter/src/rendering/sliver_padding.dart:133:12)
#61     RenderSliverPadding.performLayout (package:flutter/src/rendering/sliver_padding.dart:371:11)
#62     RenderObject.layout (package:flutter/src/rendering/object.dart:2775:7)
#63     RenderViewportBase.layoutChildSequence (package:flutter/src/rendering/viewport.dart:673:13)
#64     RenderViewport._attemptLayout (package:flutter/src/rendering/viewport.dart:1684:12)
#65     RenderViewport.performLayout (package:flutter/src/rendering/viewport.dart:1575:20)
#66     RenderObject.layout (package:flutter/src/rendering/object.dart:2775:7)
#67     RenderProxyBoxMixin.performLayout (package:flutter/src/rendering/proxy_box.dart:115:18)
#68     RenderObject.layout (package:flutter/src/rendering/object.dart:2775:7)
#69     RenderProxyBoxMixin.performLayout (package:flutter/src/rendering/proxy_box.dart:115:18)
#70     RenderObject.layout (package:flutter/src/rendering/object.dart:2775:7)
#71     RenderProxyBoxMixin.performLayout (package:flutter/src/rendering/proxy_box.dart:115:18)
#72     RenderObject.layout (package:flutter/src/rendering/object.dart:2775:7)
#73     RenderProxyBoxMixin.performLayout (package:flutter/src/rendering/proxy_box.dart:115:18)
#74     RenderObject.layout (package:flutter/src/rendering/object.dart:2775:7)
#75     RenderProxyBoxMixin.performLayout (package:flutter/src/rendering/proxy_box.dart:115:18)
#76     RenderObject.layout (package:flutter/src/rendering/object.dart:2775:7)
#77     RenderProxyBoxMixin.performLayout (package:flutter/src/rendering/proxy_box.dart:115:18)
#78     RenderObject.layout (package:flutter/src/rendering/object.dart:2775:7)
#79     RenderProxyBoxMixin.performLayout (package:flutter/src/rendering/proxy_box.dart:115:18)
#80     RenderObject.layout (package:flutter/src/rendering/object.dart:2775:7)
#81     RenderProxyBoxMixin.performLayout (package:flutter/src/rendering/proxy_box.dart:115:18)
#82     _RenderCustomClip.performLayout (package:flutter/src/rendering/proxy_box.dart:1481:11)
#83     RenderObject.layout (package:flutter/src/rendering/object.dart:2775:7)
#84     ChildLayoutHelper.layoutChild (package:flutter/src/rendering/layout_helper.dart:62:11)
#85     RenderStack._computeSize (package:flutter/src/rendering/stack.dart:645:43)
#86     RenderStack.performLayout (package:flutter/src/rendering/stack.dart:680:12)
#87     RenderObject.layout (package:flutter/src/rendering/object.dart:2775:7)
#88     ChildLayoutHelper.layoutChild (package:flutter/src/rendering/layout_helper.dart:62:11)
#89     RenderFlex._computeSizes (package:flutter/src/rendering/flex.dart:1203:26)
#90     RenderFlex.performLayout (package:flutter/src/rendering/flex.dart:1257:32)
#91     RenderObject.layout (package:flutter/src/rendering/object.dart:2775:7)
#92     MultiChildLayoutDelegate.layoutChild (package:flutter/src/rendering/custom_layout.dart:180:12)
#93     _ScaffoldLayout.performLayout (package:flutter/src/material/scaffold.dart:1112:7)
#94     MultiChildLayoutDelegate._callPerformLayout (package:flutter/src/rendering/custom_layout.dart:249:7)
#95     RenderCustomMultiChildLayoutBox.performLayout (package:flutter/src/rendering/custom_layout.dart:420:14)
#96     RenderObject.layout (package:flutter/src/rendering/object.dart:2775:7)
#97     RenderProxyBoxMixin.performLayout (package:flutter/src/rendering/proxy_box.dart:115:18)
#98     RenderObject.layout (package:flutter/src/rendering/object.dart:2775:7)
#99     RenderProxyBoxMixin.performLayout (package:flutter/src/rendering/proxy_box.dart:115:18)
#100    _RenderCustomClip.performLayout (package:flutter/src/rendering/proxy_box.dart:1481:11)
#101    RenderObject.layout (package:flutter/src/rendering/object.dart:2775:7)
#102    RenderProxyBoxMixin.performLayout (package:flutter/src/rendering/proxy_box.dart:115:18)
#103    RenderObject.layout (package:flutter/src/rendering/object.dart:2775:7)
#104    RenderProxyBoxMixin.performLayout (package:flutter/src/rendering/proxy_box.dart:115:18)
#105    RenderObject.layout (package:flutter/src/rendering/object.dart:2775:7)
#106    RenderProxyBoxMixin.performLayout (package:flutter/src/rendering/proxy_box.dart:115:18)
#107    RenderObject.layout (package:flutter/src/rendering/object.dart:2775:7)
#108    RenderProxyBoxMixin.performLayout (package:flutter/src/rendering/proxy_box.dart:115:18)
#109    RenderObject.layout (package:flutter/src/rendering/object.dart:2775:7)
#110    RenderProxyBoxMixin.performLayout (package:flutter/src/rendering/proxy_box.dart:115:18)
#111    RenderObject.layout (package:flutter/src/rendering/object.dart:2775:7)
#112    RenderProxyBoxMixin.performLayout (package:flutter/src/rendering/proxy_box.dart:115:18)
#113    RenderObject.layout (package:flutter/src/rendering/object.dart:2775:7)
#114    RenderProxyBoxMixin.performLayout (package:flutter/src/rendering/proxy_box.dart:115:18)
#115    RenderObject.layout (package:flutter/src/rendering/object.dart:2775:7)
#116    RenderProxyBoxMixin.performLayout (package:flutter/src/rendering/proxy_box.dart:115:18)
#117    RenderObject.layout (package:flutter/src/rendering/object.dart:2775:7)
#118    RenderProxyBoxMixin.performLayout (package:flutter/src/rendering/proxy_box.dart:115:18)
#119    RenderObject.layout (package:flutter/src/rendering/object.dart:2775:7)
#120    RenderProxyBoxMixin.performLayout (package:flutter/src/rendering/proxy_box.dart:115:18)
#121    RenderObject.layout (package:flutter/src/rendering/object.dart:2775:7)
#122    RenderProxyBoxMixin.performLayout (package:flutter/src/rendering/proxy_box.dart:115:18)
#123    RenderObject.layout (package:flutter/src/rendering/object.dart:2775:7)
#124    RenderProxyBoxMixin.performLayout (package:flutter/src/rendering/proxy_box.dart:115:18)
#125    RenderObject.layout (package:flutter/src/rendering/object.dart:2775:7)
#126    RenderProxyBoxMixin.performLayout (package:flutter/src/rendering/proxy_box.dart:115:18)
#127    RenderObject.layout (package:flutter/src/rendering/object.dart:2775:7)
#128    RenderProxyBoxMixin.performLayout (package:flutter/src/rendering/proxy_box.dart:115:18)
#129    RenderObject.layout (package:flutter/src/rendering/object.dart:2775:7)
#130    RenderProxyBoxMixin.performLayout (package:flutter/src/rendering/proxy_box.dart:115:18)
#131    RenderObject.layout (package:flutter/src/rendering/object.dart:2775:7)
#132    RenderProxyBoxMixin.performLayout (package:flutter/src/rendering/proxy_box.dart:115:18)
#133    RenderOffstage.performLayout (package:flutter/src/rendering/proxy_box.dart:3848:13)
#134    RenderObject.layout (package:flutter/src/rendering/object.dart:2775:7)
#135    RenderProxyBoxMixin.performLayout (package:flutter/src/rendering/proxy_box.dart:115:18)
#136    RenderObject.layout (package:flutter/src/rendering/object.dart:2775:7)
#137    _RenderTheaterMixin.layoutChild (package:flutter/src/widgets/overlay.dart:1084:13)
#138    _RenderTheater.performLayout (package:flutter/src/widgets/overlay.dart:1429:9)
#139    RenderObject.layout (package:flutter/src/rendering/object.dart:2775:7)
#140    RenderProxyBoxMixin.performLayout (package:flutter/src/rendering/proxy_box.dart:115:18)
#141    RenderObject.layout (package:flutter/src/rendering/object.dart:2775:7)
#142    RenderProxyBoxMixin.performLayout (package:flutter/src/rendering/proxy_box.dart:115:18)
#143    RenderObject.layout (package:flutter/src/rendering/object.dart:2775:7)
#144    RenderProxyBoxMixin.performLayout (package:flutter/src/rendering/proxy_box.dart:115:18)
#145    RenderObject.layout (package:flutter/src/rendering/object.dart:2775:7)
#146    RenderProxyBoxMixin.performLayout (package:flutter/src/rendering/proxy_box.dart:115:18)
#147    RenderCustomPaint.performLayout (package:flutter/src/rendering/custom_paint.dart:574:11)
#148    RenderObject.layout (package:flutter/src/rendering/object.dart:2775:7)
#149    RenderProxyBoxMixin.performLayout (package:flutter/src/rendering/proxy_box.dart:115:18)
#150    RenderObject.layout (package:flutter/src/rendering/object.dart:2775:7)
#151    RenderProxyBoxMixin.performLayout (package:flutter/src/rendering/proxy_box.dart:115:18)
#152    RenderObject.layout (package:flutter/src/rendering/object.dart:2775:7)
#153    RenderProxyBoxMixin.performLayout (package:flutter/src/rendering/proxy_box.dart:115:18)
#154    RenderObject.layout (package:flutter/src/rendering/object.dart:2775:7)
#155    RenderProxyBoxMixin.performLayout (package:flutter/src/rendering/proxy_box.dart:115:18)
#156    RenderObject.layout (package:flutter/src/rendering/object.dart:2775:7)
#157    RenderProxyBoxMixin.performLayout (package:flutter/src/rendering/proxy_box.dart:115:18)
#158    RenderObject.layout (package:flutter/src/rendering/object.dart:2775:7)
#159    RenderProxyBoxMixin.performLayout (package:flutter/src/rendering/proxy_box.dart:115:18)
#160    RenderObject.layout (package:flutter/src/rendering/object.dart:2775:7)
#161    _RenderLayoutBuilder.performLayout (package:flutter/src/widgets/layout_builder.dart:450:14)
#162    RenderObject.layout (package:flutter/src/rendering/object.dart:2775:7)
#163    _RenderLayoutBuilder.performLayout (package:flutter/src/widgets/layout_builder.dart:450:14)
#164    RenderObject.layout (package:flutter/src/rendering/object.dart:2775:7)
#165    RenderView.performLayout (package:flutter/src/rendering/view.dart:294:12)
#166    RenderObject._layoutWithoutResize (package:flutter/src/rendering/object.dart:2623:7)
#167    PipelineOwner.flushLayout (package:flutter/src/rendering/object.dart:1170:18)
#168    PipelineOwner.flushLayout (package:flutter/src/rendering/object.dart:1183:15)
#169    AutomatedTestWidgetsFlutterBinding.drawFrame (package:flutter_test/src/binding.dart:1508:27)
#170    RendererBinding._handlePersistentFrameCallback (package:flutter/src/rendering/binding.dart:495:5)
#171    SchedulerBinding._invokeFrameCallback (package:flutter/src/scheduler/binding.dart:1434:15)
#172    SchedulerBinding.handleDrawFrame (package:flutter/src/scheduler/binding.dart:1347:9)
#173    AutomatedTestWidgetsFlutterBinding.pump.<anonymous closure> (package:flutter_test/src/binding.dart:1335:9)
#176    TestAsyncUtils.guard (package:flutter_test/src/test_async_utils.dart:74:41)
#177    AutomatedTestWidgetsFlutterBinding.pump (package:flutter_test/src/binding.dart:1324:27)
#178    WidgetTester.pumpWidget.<anonymous closure> (package:flutter_test/src/widget_tester.dart:598:22)
#181    TestAsyncUtils.guard (package:flutter_test/src/test_async_utils.dart:74:41)
#182    WidgetTester.pumpWidget (package:flutter_test/src/widget_tester.dart:595:27)
#183    main.<anonymous closure> (file:///C:/Users/alext/Downloads/nutritracker/nutritracker/test/recipe/recipe_premium_test.dart:36:18)
#184    testWidgets.<anonymous closure>.<anonymous closure> (package:flutter_test/src/widget_tester.dart:192:29)
<asynchronous suspension>
#185    TestWidgetsFlutterBinding._runTestBody (package:flutter_test/src/binding.dart:1059:5)
<asynchronous suspension>
<asynchronous suspension>
(elided 5 frames from dart:async and package:stack_trace)

════════════════════════════════════════════════════════════════════════════════════════════════════
══╡ EXCEPTION CAUGHT BY WIDGETS LIBRARY ╞═══════════════════════════════════════════════════════════
The following _TypeError was thrown building RecipeCardWidget(dirty, dependencies:
[_LocalizationsScope-[GlobalKey#93254]]):
Null check operator used on a null value

The relevant error-causing widget was:
  RecipeCardWidget
  RecipeCardWidget:file:///C:/Users/alext/Downloads/nutritracker/nutritracker/lib/presentation/recipe_browser/widgets/recipe_grid_widget.dart:58:18

When the exception was thrown, this was the stack:
#0      RecipeCardWidget.build (package:nutriz/presentation/recipe_browser/widgets/recipe_card_widget.dart:28:43)
#1      StatelessElement.build (package:flutter/src/widgets/framework.dart:5892:49)
#2      ComponentElement.performRebuild (package:flutter/src/widgets/framework.dart:5820:15)
#3      Element.rebuild (package:flutter/src/widgets/framework.dart:5532:7)
#4      ComponentElement._firstBuild (package:flutter/src/widgets/framework.dart:5802:5)
#5      ComponentElement.mount (package:flutter/src/widgets/framework.dart:5796:5)
...     Normal element mounting (41 frames)
#46     Element.inflateWidget (package:flutter/src/widgets/framework.dart:4590:20)
#47     Element.updateChild (package:flutter/src/widgets/framework.dart:4059:18)
#48     SliverMultiBoxAdaptorElement.updateChild (package:flutter/src/widgets/sliver.dart:1068:37)
#49     SliverMultiBoxAdaptorElement.createChild.<anonymous closure> (package:flutter/src/widgets/sliver.dart:1052:20)
#50     BuildOwner.buildScope (package:flutter/src/widgets/framework.dart:3101:19)
#51     SliverMultiBoxAdaptorElement.createChild (package:flutter/src/widgets/sliver.dart:1042:12)
#52     RenderSliverMultiBoxAdaptor._createOrObtainChild.<anonymous closure> (package:flutter/src/rendering/sliver_multi_box_adaptor.dart:372:23)
#53     RenderObject.invokeLayoutCallback.<anonymous closure> (package:flutter/src/rendering/object.dart:2894:17)
#54     PipelineOwner._enableMutationsToDirtySubtrees (package:flutter/src/rendering/object.dart:1219:15)
#55     RenderObject.invokeLayoutCallback (package:flutter/src/rendering/object.dart:2893:14)
#56     RenderSliverMultiBoxAdaptor._createOrObtainChild (package:flutter/src/rendering/sliver_multi_box_adaptor.dart:360:5)
#57     RenderSliverMultiBoxAdaptor.insertAndLayoutChild (package:flutter/src/rendering/sliver_multi_box_adaptor.dart:523:5)
#58     RenderSliverGrid.performLayout (package:flutter/src/rendering/sliver_grid.dart:668:17)
#59     RenderObject.layout (package:flutter/src/rendering/object.dart:2775:7)
#60     RenderSliverEdgeInsetsPadding.performLayout (package:flutter/src/rendering/sliver_padding.dart:133:12)
#61     RenderSliverPadding.performLayout (package:flutter/src/rendering/sliver_padding.dart:371:11)
#62     RenderObject.layout (package:flutter/src/rendering/object.dart:2775:7)
#63     RenderViewportBase.layoutChildSequence (package:flutter/src/rendering/viewport.dart:673:13)
#64     RenderViewport._attemptLayout (package:flutter/src/rendering/viewport.dart:1684:12)
#65     RenderViewport.performLayout (package:flutter/src/rendering/viewport.dart:1575:20)
#66     RenderObject.layout (package:flutter/src/rendering/object.dart:2775:7)
#67     RenderProxyBoxMixin.performLayout (package:flutter/src/rendering/proxy_box.dart:115:18)
#68     RenderObject.layout (package:flutter/src/rendering/object.dart:2775:7)
#69     RenderProxyBoxMixin.performLayout (package:flutter/src/rendering/proxy_box.dart:115:18)
#70     RenderObject.layout (package:flutter/src/rendering/object.dart:2775:7)
#71     RenderProxyBoxMixin.performLayout (package:flutter/src/rendering/proxy_box.dart:115:18)
#72     RenderObject.layout (package:flutter/src/rendering/object.dart:2775:7)
#73     RenderProxyBoxMixin.performLayout (package:flutter/src/rendering/proxy_box.dart:115:18)
#74     RenderObject.layout (package:flutter/src/rendering/object.dart:2775:7)
#75     RenderProxyBoxMixin.performLayout (package:flutter/src/rendering/proxy_box.dart:115:18)
#76     RenderObject.layout (package:flutter/src/rendering/object.dart:2775:7)
#77     RenderProxyBoxMixin.performLayout (package:flutter/src/rendering/proxy_box.dart:115:18)
#78     RenderObject.layout (package:flutter/src/rendering/object.dart:2775:7)
#79     RenderProxyBoxMixin.performLayout (package:flutter/src/rendering/proxy_box.dart:115:18)
#80     RenderObject.layout (package:flutter/src/rendering/object.dart:2775:7)
#81     RenderProxyBoxMixin.performLayout (package:flutter/src/rendering/proxy_box.dart:115:18)
#82     _RenderCustomClip.performLayout (package:flutter/src/rendering/proxy_box.dart:1481:11)
#83     RenderObject.layout (package:flutter/src/rendering/object.dart:2775:7)
#84     ChildLayoutHelper.layoutChild (package:flutter/src/rendering/layout_helper.dart:62:11)
#85     RenderStack._computeSize (package:flutter/src/rendering/stack.dart:645:43)
#86     RenderStack.performLayout (package:flutter/src/rendering/stack.dart:680:12)
#87     RenderObject.layout (package:flutter/src/rendering/object.dart:2775:7)
#88     ChildLayoutHelper.layoutChild (package:flutter/src/rendering/layout_helper.dart:62:11)
#89     RenderFlex._computeSizes (package:flutter/src/rendering/flex.dart:1203:26)
#90     RenderFlex.performLayout (package:flutter/src/rendering/flex.dart:1257:32)
#91     RenderObject.layout (package:flutter/src/rendering/object.dart:2775:7)
#92     MultiChildLayoutDelegate.layoutChild (package:flutter/src/rendering/custom_layout.dart:180:12)
#93     _ScaffoldLayout.performLayout (package:flutter/src/material/scaffold.dart:1112:7)
#94     MultiChildLayoutDelegate._callPerformLayout (package:flutter/src/rendering/custom_layout.dart:249:7)
#95     RenderCustomMultiChildLayoutBox.performLayout (package:flutter/src/rendering/custom_layout.dart:420:14)
#96     RenderObject.layout (package:flutter/src/rendering/object.dart:2775:7)
#97     RenderProxyBoxMixin.performLayout (package:flutter/src/rendering/proxy_box.dart:115:18)
#98     RenderObject.layout (package:flutter/src/rendering/object.dart:2775:7)
#99     RenderProxyBoxMixin.performLayout (package:flutter/src/rendering/proxy_box.dart:115:18)
#100    _RenderCustomClip.performLayout (package:flutter/src/rendering/proxy_box.dart:1481:11)
#101    RenderObject.layout (package:flutter/src/rendering/object.dart:2775:7)
#102    RenderProxyBoxMixin.performLayout (package:flutter/src/rendering/proxy_box.dart:115:18)
#103    RenderObject.layout (package:flutter/src/rendering/object.dart:2775:7)
#104    RenderProxyBoxMixin.performLayout (package:flutter/src/rendering/proxy_box.dart:115:18)
#105    RenderObject.layout (package:flutter/src/rendering/object.dart:2775:7)
#106    RenderProxyBoxMixin.performLayout (package:flutter/src/rendering/proxy_box.dart:115:18)
#107    RenderObject.layout (package:flutter/src/rendering/object.dart:2775:7)
#108    RenderProxyBoxMixin.performLayout (package:flutter/src/rendering/proxy_box.dart:115:18)
#109    RenderObject.layout (package:flutter/src/rendering/object.dart:2775:7)
#110    RenderProxyBoxMixin.performLayout (package:flutter/src/rendering/proxy_box.dart:115:18)
#111    RenderObject.layout (package:flutter/src/rendering/object.dart:2775:7)
#112    RenderProxyBoxMixin.performLayout (package:flutter/src/rendering/proxy_box.dart:115:18)
#113    RenderObject.layout (package:flutter/src/rendering/object.dart:2775:7)
#114    RenderProxyBoxMixin.performLayout (package:flutter/src/rendering/proxy_box.dart:115:18)
#115    RenderObject.layout (package:flutter/src/rendering/object.dart:2775:7)
#116    RenderProxyBoxMixin.performLayout (package:flutter/src/rendering/proxy_box.dart:115:18)
#117    RenderObject.layout (package:flutter/src/rendering/object.dart:2775:7)
#118    RenderProxyBoxMixin.performLayout (package:flutter/src/rendering/proxy_box.dart:115:18)
#119    RenderObject.layout (package:flutter/src/rendering/object.dart:2775:7)
#120    RenderProxyBoxMixin.performLayout (package:flutter/src/rendering/proxy_box.dart:115:18)
#121    RenderObject.layout (package:flutter/src/rendering/object.dart:2775:7)
#122    RenderProxyBoxMixin.performLayout (package:flutter/src/rendering/proxy_box.dart:115:18)
#123    RenderObject.layout (package:flutter/src/rendering/object.dart:2775:7)
#124    RenderProxyBoxMixin.performLayout (package:flutter/src/rendering/proxy_box.dart:115:18)
#125    RenderObject.layout (package:flutter/src/rendering/object.dart:2775:7)
#126    RenderProxyBoxMixin.performLayout (package:flutter/src/rendering/proxy_box.dart:115:18)
#127    RenderObject.layout (package:flutter/src/rendering/object.dart:2775:7)
#128    RenderProxyBoxMixin.performLayout (package:flutter/src/rendering/proxy_box.dart:115:18)
#129    RenderObject.layout (package:flutter/src/rendering/object.dart:2775:7)
#130    RenderProxyBoxMixin.performLayout (package:flutter/src/rendering/proxy_box.dart:115:18)
#131    RenderObject.layout (package:flutter/src/rendering/object.dart:2775:7)
#132    RenderProxyBoxMixin.performLayout (package:flutter/src/rendering/proxy_box.dart:115:18)
#133    RenderOffstage.performLayout (package:flutter/src/rendering/proxy_box.dart:3848:13)
#134    RenderObject.layout (package:flutter/src/rendering/object.dart:2775:7)
#135    RenderProxyBoxMixin.performLayout (package:flutter/src/rendering/proxy_box.dart:115:18)
#136    RenderObject.layout (package:flutter/src/rendering/object.dart:2775:7)
#137    _RenderTheaterMixin.layoutChild (package:flutter/src/widgets/overlay.dart:1084:13)
#138    _RenderTheater.performLayout (package:flutter/src/widgets/overlay.dart:1429:9)
#139    RenderObject.layout (package:flutter/src/rendering/object.dart:2775:7)
#140    RenderProxyBoxMixin.performLayout (package:flutter/src/rendering/proxy_box.dart:115:18)
#141    RenderObject.layout (package:flutter/src/rendering/object.dart:2775:7)
#142    RenderProxyBoxMixin.performLayout (package:flutter/src/rendering/proxy_box.dart:115:18)
#143    RenderObject.layout (package:flutter/src/rendering/object.dart:2775:7)
#144    RenderProxyBoxMixin.performLayout (package:flutter/src/rendering/proxy_box.dart:115:18)
#145    RenderObject.layout (package:flutter/src/rendering/object.dart:2775:7)
#146    RenderProxyBoxMixin.performLayout (package:flutter/src/rendering/proxy_box.dart:115:18)
#147    RenderCustomPaint.performLayout (package:flutter/src/rendering/custom_paint.dart:574:11)
#148    RenderObject.layout (package:flutter/src/rendering/object.dart:2775:7)
#149    RenderProxyBoxMixin.performLayout (package:flutter/src/rendering/proxy_box.dart:115:18)
#150    RenderObject.layout (package:flutter/src/rendering/object.dart:2775:7)
#151    RenderProxyBoxMixin.performLayout (package:flutter/src/rendering/proxy_box.dart:115:18)
#152    RenderObject.layout (package:flutter/src/rendering/object.dart:2775:7)
#153    RenderProxyBoxMixin.performLayout (package:flutter/src/rendering/proxy_box.dart:115:18)
#154    RenderObject.layout (package:flutter/src/rendering/object.dart:2775:7)
#155    RenderProxyBoxMixin.performLayout (package:flutter/src/rendering/proxy_box.dart:115:18)
#156    RenderObject.layout (package:flutter/src/rendering/object.dart:2775:7)
#157    RenderProxyBoxMixin.performLayout (package:flutter/src/rendering/proxy_box.dart:115:18)
#158    RenderObject.layout (package:flutter/src/rendering/object.dart:2775:7)
#159    RenderProxyBoxMixin.performLayout (package:flutter/src/rendering/proxy_box.dart:115:18)
#160    RenderObject.layout (package:flutter/src/rendering/object.dart:2775:7)
#161    _RenderLayoutBuilder.performLayout (package:flutter/src/widgets/layout_builder.dart:450:14)
#162    RenderObject.layout (package:flutter/src/rendering/object.dart:2775:7)
#163    _RenderLayoutBuilder.performLayout (package:flutter/src/widgets/layout_builder.dart:450:14)
#164    RenderObject.layout (package:flutter/src/rendering/object.dart:2775:7)
#165    RenderView.performLayout (package:flutter/src/rendering/view.dart:294:12)
#166    RenderObject._layoutWithoutResize (package:flutter/src/rendering/object.dart:2623:7)
#167    PipelineOwner.flushLayout (package:flutter/src/rendering/object.dart:1170:18)
#168    PipelineOwner.flushLayout (package:flutter/src/rendering/object.dart:1183:15)
#169    AutomatedTestWidgetsFlutterBinding.drawFrame (package:flutter_test/src/binding.dart:1508:27)
#170    RendererBinding._handlePersistentFrameCallback (package:flutter/src/rendering/binding.dart:495:5)
#171    SchedulerBinding._invokeFrameCallback (package:flutter/src/scheduler/binding.dart:1434:15)
#172    SchedulerBinding.handleDrawFrame (package:flutter/src/scheduler/binding.dart:1347:9)
#173    AutomatedTestWidgetsFlutterBinding.pump.<anonymous closure> (package:flutter_test/src/binding.dart:1335:9)
#176    TestAsyncUtils.guard (package:flutter_test/src/test_async_utils.dart:74:41)
#177    AutomatedTestWidgetsFlutterBinding.pump (package:flutter_test/src/binding.dart:1324:27)
#178    WidgetTester.pumpWidget.<anonymous closure> (package:flutter_test/src/widget_tester.dart:598:22)
#181    TestAsyncUtils.guard (package:flutter_test/src/test_async_utils.dart:74:41)
#182    WidgetTester.pumpWidget (package:flutter_test/src/widget_tester.dart:595:27)
#183    main.<anonymous closure> (file:///C:/Users/alext/Downloads/nutritracker/nutritracker/test/recipe/recipe_premium_test.dart:36:18)
#184    testWidgets.<anonymous closure>.<anonymous closure> (package:flutter_test/src/widget_tester.dart:192:29)
<asynchronous suspension>
#185    TestWidgetsFlutterBinding._runTestBody (package:flutter_test/src/binding.dart:1059:5)
<asynchronous suspension>
<asynchronous suspension>
(elided 5 frames from dart:async and package:stack_trace)

════════════════════════════════════════════════════════════════════════════════════════════════════
DEBUG: _loadPremiumStatus status: true
══╡ EXCEPTION CAUGHT BY WIDGETS LIBRARY ╞═══════════════════════════════════════════════════════════
The following _TypeError was thrown building RecipeCardWidget(dependencies:
[_LocalizationsScope-[GlobalKey#93254]]):
Null check operator used on a null value

The relevant error-causing widget was:
  RecipeCardWidget
  RecipeCardWidget:file:///C:/Users/alext/Downloads/nutritracker/nutritracker/lib/presentation/recipe_browser/widgets/recipe_grid_widget.dart:58:18

When the exception was thrown, this was the stack:
#0      RecipeCardWidget.build (package:nutriz/presentation/recipe_browser/widgets/recipe_card_widget.dart:28:43)
#1      StatelessElement.build (package:flutter/src/widgets/framework.dart:5892:49)
#2      ComponentElement.performRebuild (package:flutter/src/widgets/framework.dart:5820:15)
#3      Element.rebuild (package:flutter/src/widgets/framework.dart:5532:7)
#4      StatelessElement.update (package:flutter/src/widgets/framework.dart:5898:5)
#5      Element.updateChild (package:flutter/src/widgets/framework.dart:4037:15)
#6      SingleChildRenderObjectElement.update (package:flutter/src/widgets/framework.dart:7125:14)
#7      Element.updateChild (package:flutter/src/widgets/framework.dart:4037:15)
#8      SingleChildRenderObjectElement.update (package:flutter/src/widgets/framework.dart:7125:14)
#9      Element.updateChild (package:flutter/src/widgets/framework.dart:4037:15)
#10     ComponentElement.performRebuild (package:flutter/src/widgets/framework.dart:5844:16)
#11     StatefulElement.performRebuild (package:flutter/src/widgets/framework.dart:5985:11)
#12     Element.rebuild (package:flutter/src/widgets/framework.dart:5532:7)
#13     StatefulElement.update (package:flutter/src/widgets/framework.dart:6010:5)
#14     Element.updateChild (package:flutter/src/widgets/framework.dart:4037:15)
#15     ComponentElement.performRebuild (package:flutter/src/widgets/framework.dart:5844:16)
#16     Element.rebuild (package:flutter/src/widgets/framework.dart:5532:7)
#17     ProxyElement.update (package:flutter/src/widgets/framework.dart:6152:5)
#18     Element.updateChild (package:flutter/src/widgets/framework.dart:4037:15)
#19     ComponentElement.performRebuild (package:flutter/src/widgets/framework.dart:5844:16)
#20     Element.rebuild (package:flutter/src/widgets/framework.dart:5532:7)
#21     ProxyElement.update (package:flutter/src/widgets/framework.dart:6152:5)
#22     Element.updateChild (package:flutter/src/widgets/framework.dart:4037:15)
#23     ComponentElement.performRebuild (package:flutter/src/widgets/framework.dart:5844:16)
#24     StatefulElement.performRebuild (package:flutter/src/widgets/framework.dart:5985:11)
#25     Element.rebuild (package:flutter/src/widgets/framework.dart:5532:7)
#26     StatefulElement.update (package:flutter/src/widgets/framework.dart:6010:5)
#27     Element.updateChild (package:flutter/src/widgets/framework.dart:4037:15)
#28     ComponentElement.performRebuild (package:flutter/src/widgets/framework.dart:5844:16)
#29     Element.rebuild (package:flutter/src/widgets/framework.dart:5532:7)
#30     StatelessElement.update (package:flutter/src/widgets/framework.dart:5898:5)
#31     Element.updateChild (package:flutter/src/widgets/framework.dart:4037:15)
#32     SliverMultiBoxAdaptorElement.updateChild (package:flutter/src/widgets/sliver.dart:1068:37)
#33     SliverMultiBoxAdaptorElement.performRebuild.processElement (package:flutter/src/widgets/sliver.dart:959:35)
#34     Iterable.forEach (dart:core/iterable.dart:366:35)
#35     SliverMultiBoxAdaptorElement.performRebuild (package:flutter/src/widgets/sliver.dart:1013:24)
#36     SliverMultiBoxAdaptorElement.update (package:flutter/src/widgets/sliver.dart:935:7)
#37     Element.updateChild (package:flutter/src/widgets/framework.dart:4037:15)
#38     SingleChildRenderObjectElement.update (package:flutter/src/widgets/framework.dart:7125:14)
#39     Element.updateChild (package:flutter/src/widgets/framework.dart:4037:15)
#40     Element.updateChildren (package:flutter/src/widgets/framework.dart:4194:32)
#41     MultiChildRenderObjectElement.update (package:flutter/src/widgets/framework.dart:7302:17)
#42     _ViewportElement.update (package:flutter/src/widgets/viewport.dart:264:11)
#43     Element.updateChild (package:flutter/src/widgets/framework.dart:4037:15)
#44     SingleChildRenderObjectElement.update (package:flutter/src/widgets/framework.dart:7125:14)
#45     Element.updateChild (package:flutter/src/widgets/framework.dart:4037:15)
#46     SingleChildRenderObjectElement.update (package:flutter/src/widgets/framework.dart:7125:14)
#47     Element.updateChild (package:flutter/src/widgets/framework.dart:4037:15)
#48     SingleChildRenderObjectElement.update (package:flutter/src/widgets/framework.dart:7125:14)
#49     Element.updateChild (package:flutter/src/widgets/framework.dart:4037:15)
#50     SingleChildRenderObjectElement.update (package:flutter/src/widgets/framework.dart:7125:14)
#51     Element.updateChild (package:flutter/src/widgets/framework.dart:4037:15)
#52     ComponentElement.performRebuild (package:flutter/src/widgets/framework.dart:5844:16)
#53     StatefulElement.performRebuild (package:flutter/src/widgets/framework.dart:5985:11)
#54     Element.rebuild (package:flutter/src/widgets/framework.dart:5532:7)
#55     StatefulElement.update (package:flutter/src/widgets/framework.dart:6010:5)
#56     Element.updateChild (package:flutter/src/widgets/framework.dart:4037:15)
#57     SingleChildRenderObjectElement.update (package:flutter/src/widgets/framework.dart:7125:14)
#58     Element.updateChild (package:flutter/src/widgets/framework.dart:4037:15)
#59     ComponentElement.performRebuild (package:flutter/src/widgets/framework.dart:5844:16)
#60     Element.rebuild (package:flutter/src/widgets/framework.dart:5532:7)
#61     ProxyElement.update (package:flutter/src/widgets/framework.dart:6152:5)
#62     Element.updateChild (package:flutter/src/widgets/framework.dart:4037:15)
#63     SingleChildRenderObjectElement.update (package:flutter/src/widgets/framework.dart:7125:14)
#64     Element.updateChild (package:flutter/src/widgets/framework.dart:4037:15)
#65     ComponentElement.performRebuild (package:flutter/src/widgets/framework.dart:5844:16)
#66     Element.rebuild (package:flutter/src/widgets/framework.dart:5532:7)
#67     ProxyElement.update (package:flutter/src/widgets/framework.dart:6152:5)
#68     Element.updateChild (package:flutter/src/widgets/framework.dart:4037:15)
#69     SingleChildRenderObjectElement.update (package:flutter/src/widgets/framework.dart:7125:14)
#70     Element.updateChild (package:flutter/src/widgets/framework.dart:4037:15)
#71     ComponentElement.performRebuild (package:flutter/src/widgets/framework.dart:5844:16)
#72     Element.rebuild (package:flutter/src/widgets/framework.dart:5532:7)
#73     StatelessElement.update (package:flutter/src/widgets/framework.dart:5898:5)
#74     Element.updateChild (package:flutter/src/widgets/framework.dart:4037:15)
#75     SingleChildRenderObjectElement.update (package:flutter/src/widgets/framework.dart:7125:14)
#76     Element.updateChild (package:flutter/src/widgets/framework.dart:4037:15)
#77     ComponentElement.performRebuild (package:flutter/src/widgets/framework.dart:5844:16)
#78     StatefulElement.performRebuild (package:flutter/src/widgets/framework.dart:5985:11)
#79     Element.rebuild (package:flutter/src/widgets/framework.dart:5532:7)
#80     StatefulElement.update (package:flutter/src/widgets/framework.dart:6010:5)
#81     Element.updateChild (package:flutter/src/widgets/framework.dart:4037:15)
#82     ComponentElement.performRebuild (package:flutter/src/widgets/framework.dart:5844:16)
#83     Element.rebuild (package:flutter/src/widgets/framework.dart:5532:7)
#84     ProxyElement.update (package:flutter/src/widgets/framework.dart:6152:5)
#85     Element.updateChild (package:flutter/src/widgets/framework.dart:4037:15)
#86     ComponentElement.performRebuild (package:flutter/src/widgets/framework.dart:5844:16)
#87     StatefulElement.performRebuild (package:flutter/src/widgets/framework.dart:5985:11)
#88     Element.rebuild (package:flutter/src/widgets/framework.dart:5532:7)
#89     StatefulElement.update (package:flutter/src/widgets/framework.dart:6010:5)
#90     Element.updateChild (package:flutter/src/widgets/framework.dart:4037:15)
#91     ComponentElement.performRebuild (package:flutter/src/widgets/framework.dart:5844:16)
#92     StatefulElement.performRebuild (package:flutter/src/widgets/framework.dart:5985:11)
#93     Element.rebuild (package:flutter/src/widgets/framework.dart:5532:7)
#94     StatefulElement.update (package:flutter/src/widgets/framework.dart:6010:5)
#95     Element.updateChild (package:flutter/src/widgets/framework.dart:4037:15)
#96     ComponentElement.performRebuild (package:flutter/src/widgets/framework.dart:5844:16)
#97     Element.rebuild (package:flutter/src/widgets/framework.dart:5532:7)
#98     ProxyElement.update (package:flutter/src/widgets/framework.dart:6152:5)
#99     Element.updateChild (package:flutter/src/widgets/framework.dart:4037:15)
#100    ComponentElement.performRebuild (package:flutter/src/widgets/framework.dart:5844:16)
#101    Element.rebuild (package:flutter/src/widgets/framework.dart:5532:7)
#102    StatelessElement.update (package:flutter/src/widgets/framework.dart:5898:5)
#103    Element.updateChild (package:flutter/src/widgets/framework.dart:4037:15)
#104    ComponentElement.performRebuild (package:flutter/src/widgets/framework.dart:5844:16)
#105    Element.rebuild (package:flutter/src/widgets/framework.dart:5532:7)
#106    ProxyElement.update (package:flutter/src/widgets/framework.dart:6152:5)
#107    Element.updateChild (package:flutter/src/widgets/framework.dart:4037:15)
#108    ComponentElement.performRebuild (package:flutter/src/widgets/framework.dart:5844:16)
#109    Element.rebuild (package:flutter/src/widgets/framework.dart:5532:7)
#110    StatelessElement.update (package:flutter/src/widgets/framework.dart:5898:5)
#111    Element.updateChild (package:flutter/src/widgets/framework.dart:4037:15)
#112    ComponentElement.performRebuild (package:flutter/src/widgets/framework.dart:5844:16)
#113    Element.rebuild (package:flutter/src/widgets/framework.dart:5532:7)
#114    ProxyElement.update (package:flutter/src/widgets/framework.dart:6152:5)
#115    Element.updateChild (package:flutter/src/widgets/framework.dart:4037:15)
#116    ComponentElement.performRebuild (package:flutter/src/widgets/framework.dart:5844:16)
#117    Element.rebuild (package:flutter/src/widgets/framework.dart:5532:7)
#118    ProxyElement.update (package:flutter/src/widgets/framework.dart:6152:5)
#119    Element.updateChild (package:flutter/src/widgets/framework.dart:4037:15)
#120    Element.updateChildren (package:flutter/src/widgets/framework.dart:4194:32)
#121    MultiChildRenderObjectElement.update (package:flutter/src/widgets/framework.dart:7302:17)
#122    Element.updateChild (package:flutter/src/widgets/framework.dart:4037:15)
#123    ComponentElement.performRebuild (package:flutter/src/widgets/framework.dart:5844:16)
#124    StatefulElement.performRebuild (package:flutter/src/widgets/framework.dart:5985:11)
#125    Element.rebuild (package:flutter/src/widgets/framework.dart:5532:7)
#126    StatefulElement.update (package:flutter/src/widgets/framework.dart:6010:5)
#127    Element.updateChild (package:flutter/src/widgets/framework.dart:4037:15)
#128    ComponentElement.performRebuild (package:flutter/src/widgets/framework.dart:5844:16)
#129    Element.rebuild (package:flutter/src/widgets/framework.dart:5532:7)
#130    ProxyElement.update (package:flutter/src/widgets/framework.dart:6152:5)
#131    Element.updateChild (package:flutter/src/widgets/framework.dart:4037:15)
#132    Element.updateChildren (package:flutter/src/widgets/framework.dart:4288:32)
#133    MultiChildRenderObjectElement.update (package:flutter/src/widgets/framework.dart:7302:17)
#134    Element.updateChild (package:flutter/src/widgets/framework.dart:4037:15)
#135    ComponentElement.performRebuild (package:flutter/src/widgets/framework.dart:5844:16)
#136    Element.rebuild (package:flutter/src/widgets/framework.dart:5532:7)
#137    StatelessElement.update (package:flutter/src/widgets/framework.dart:5898:5)
#138    Element.updateChild (package:flutter/src/widgets/framework.dart:4037:15)
#139    ComponentElement.performRebuild (package:flutter/src/widgets/framework.dart:5844:16)
#140    Element.rebuild (package:flutter/src/widgets/framework.dart:5532:7)
#141    StatelessElement.update (package:flutter/src/widgets/framework.dart:5898:5)
#142    Element.updateChild (package:flutter/src/widgets/framework.dart:4037:15)
#143    ComponentElement.performRebuild (package:flutter/src/widgets/framework.dart:5844:16)
#144    Element.rebuild (package:flutter/src/widgets/framework.dart:5532:7)
#145    ProxyElement.update (package:flutter/src/widgets/framework.dart:6152:5)
#146    Element.updateChild (package:flutter/src/widgets/framework.dart:4037:15)
#147    ComponentElement.performRebuild (package:flutter/src/widgets/framework.dart:5844:16)
#148    Element.rebuild (package:flutter/src/widgets/framework.dart:5532:7)
#149    ProxyElement.update (package:flutter/src/widgets/framework.dart:6152:5)
#150    Element.updateChild (package:flutter/src/widgets/framework.dart:4037:15)
#151    Element.updateChildren (package:flutter/src/widgets/framework.dart:4194:32)
#152    MultiChildRenderObjectElement.update (package:flutter/src/widgets/framework.dart:7302:17)
#153    Element.updateChild (package:flutter/src/widgets/framework.dart:4037:15)
#154    ComponentElement.performRebuild (package:flutter/src/widgets/framework.dart:5844:16)
#155    Element.rebuild (package:flutter/src/widgets/framework.dart:5532:7)
#156    ProxyElement.update (package:flutter/src/widgets/framework.dart:6152:5)
#157    Element.updateChild (package:flutter/src/widgets/framework.dart:4037:15)
#158    ComponentElement.performRebuild (package:flutter/src/widgets/framework.dart:5844:16)
#159    StatefulElement.performRebuild (package:flutter/src/widgets/framework.dart:5985:11)
#160    Element.rebuild (package:flutter/src/widgets/framework.dart:5532:7)
#161    StatefulElement.update (package:flutter/src/widgets/framework.dart:6010:5)
#162    Element.updateChild (package:flutter/src/widgets/framework.dart:4037:15)
#163    ComponentElement.performRebuild (package:flutter/src/widgets/framework.dart:5844:16)
#164    StatefulElement.performRebuild (package:flutter/src/widgets/framework.dart:5985:11)
#165    Element.rebuild (package:flutter/src/widgets/framework.dart:5532:7)
#166    StatefulElement.update (package:flutter/src/widgets/framework.dart:6010:5)
#167    Element.updateChild (package:flutter/src/widgets/framework.dart:4037:15)
#168    ComponentElement.performRebuild (package:flutter/src/widgets/framework.dart:5844:16)
#169    Element.rebuild (package:flutter/src/widgets/framework.dart:5532:7)
#170    ProxyElement.update (package:flutter/src/widgets/framework.dart:6152:5)
#171    Element.updateChild (package:flutter/src/widgets/framework.dart:4037:15)
#172    ComponentElement.performRebuild (package:flutter/src/widgets/framework.dart:5844:16)
#173    StatefulElement.performRebuild (package:flutter/src/widgets/framework.dart:5985:11)
#174    Element.rebuild (package:flutter/src/widgets/framework.dart:5532:7)
#175    StatefulElement.update (package:flutter/src/widgets/framework.dart:6010:5)
#176    Element.updateChild (package:flutter/src/widgets/framework.dart:4037:15)
#177    SingleChildRenderObjectElement.update (package:flutter/src/widgets/framework.dart:7125:14)
#178    Element.updateChild (package:flutter/src/widgets/framework.dart:4037:15)
#179    ComponentElement.performRebuild (package:flutter/src/widgets/framework.dart:5844:16)
#180    Element.rebuild (package:flutter/src/widgets/framework.dart:5532:7)
#181    ProxyElement.update (package:flutter/src/widgets/framework.dart:6152:5)
#182    Element.updateChild (package:flutter/src/widgets/framework.dart:4037:15)
#183    SingleChildRenderObjectElement.update (package:flutter/src/widgets/framework.dart:7125:14)
#184    Element.updateChild (package:flutter/src/widgets/framework.dart:4037:15)
#185    ComponentElement.performRebuild (package:flutter/src/widgets/framework.dart:5844:16)
#186    StatefulElement.performRebuild (package:flutter/src/widgets/framework.dart:5985:11)
#187    Element.rebuild (package:flutter/src/widgets/framework.dart:5532:7)
#188    StatefulElement.update (package:flutter/src/widgets/framework.dart:6010:5)
#189    Element.updateChild (package:flutter/src/widgets/framework.dart:4037:15)
#190    ComponentElement.performRebuild (package:flutter/src/widgets/framework.dart:5844:16)
#191    StatefulElement.performRebuild (package:flutter/src/widgets/framework.dart:5985:11)
#192    Element.rebuild (package:flutter/src/widgets/framework.dart:5532:7)
#193    StatefulElement.update (package:flutter/src/widgets/framework.dart:6010:5)
#194    Element.updateChild (package:flutter/src/widgets/framework.dart:4037:15)
#195    ComponentElement.performRebuild (package:flutter/src/widgets/framework.dart:5844:16)
#196    Element.rebuild (package:flutter/src/widgets/framework.dart:5532:7)
#197    ProxyElement.update (package:flutter/src/widgets/framework.dart:6152:5)
#198    Element.updateChild (package:flutter/src/widgets/framework.dart:4037:15)
#199    ComponentElement.performRebuild (package:flutter/src/widgets/framework.dart:5844:16)
#200    Element.rebuild (package:flutter/src/widgets/framework.dart:5532:7)
#201    ProxyElement.update (package:flutter/src/widgets/framework.dart:6152:5)
#202    Element.updateChild (package:flutter/src/widgets/framework.dart:4037:15)
#203    ComponentElement.performRebuild (package:flutter/src/widgets/framework.dart:5844:16)
#204    Element.rebuild (package:flutter/src/widgets/framework.dart:5532:7)
#205    ProxyElement.update (package:flutter/src/widgets/framework.dart:6152:5)
#206    Element.updateChild (package:flutter/src/widgets/framework.dart:4037:15)
#207    ComponentElement.performRebuild (package:flutter/src/widgets/framework.dart:5844:16)
#208    StatefulElement.performRebuild (package:flutter/src/widgets/framework.dart:5985:11)
#209    Element.rebuild (package:flutter/src/widgets/framework.dart:5532:7)
#210    StatefulElement.update (package:flutter/src/widgets/framework.dart:6010:5)
#211    Element.updateChild (package:flutter/src/widgets/framework.dart:4037:15)
#212    ComponentElement.performRebuild (package:flutter/src/widgets/framework.dart:5844:16)
#213    Element.rebuild (package:flutter/src/widgets/framework.dart:5532:7)
#214    ProxyElement.update (package:flutter/src/widgets/framework.dart:6152:5)
#215    Element.updateChild (package:flutter/src/widgets/framework.dart:4037:15)
#216    ComponentElement.performRebuild (package:flutter/src/widgets/framework.dart:5844:16)
#217    StatefulElement.performRebuild (package:flutter/src/widgets/framework.dart:5985:11)
#218    Element.rebuild (package:flutter/src/widgets/framework.dart:5532:7)
#219    StatefulElement.update (package:flutter/src/widgets/framework.dart:6010:5)
#220    Element.updateChild (package:flutter/src/widgets/framework.dart:4037:15)
#221    ComponentElement.performRebuild (package:flutter/src/widgets/framework.dart:5844:16)
#222    StatefulElement.performRebuild (package:flutter/src/widgets/framework.dart:5985:11)
#223    Element.rebuild (package:flutter/src/widgets/framework.dart:5532:7)
#224    BuildScope._tryRebuild (package:flutter/src/widgets/framework.dart:2750:15)
#225    BuildScope._flushDirtyElements (package:flutter/src/widgets/framework.dart:2807:11)
#226    BuildOwner.buildScope (package:flutter/src/widgets/framework.dart:3111:18)
#227    _LayoutBuilderElement._rebuildWithConstraints (package:flutter/src/widgets/layout_builder.dart:271:12)
#228    RenderAbstractLayoutBuilderMixin.layoutCallback (package:flutter/src/widgets/layout_builder.dart:334:38)
#229    RenderObjectWithLayoutCallbackMixin.runLayoutCallback.<anonymous closure> (package:flutter/src/rendering/object.dart:4169:33)
#230    RenderObject.invokeLayoutCallback.<anonymous closure> (package:flutter/src/rendering/object.dart:2894:17)
#231    PipelineOwner._enableMutationsToDirtySubtrees (package:flutter/src/rendering/object.dart:1219:15)
#232    RenderObject.invokeLayoutCallback (package:flutter/src/rendering/object.dart:2893:14)
#233    RenderObjectWithLayoutCallbackMixin.runLayoutCallback (package:flutter/src/rendering/object.dart:4169:5)
#234    _RenderLayoutBuilder.performLayout (package:flutter/src/widgets/layout_builder.dart:448:5)
#235    RenderObject._layoutWithoutResize (package:flutter/src/rendering/object.dart:2623:7)
#236    PipelineOwner.flushLayout (package:flutter/src/rendering/object.dart:1170:18)
#237    PipelineOwner.flushLayout (package:flutter/src/rendering/object.dart:1183:15)
#238    AutomatedTestWidgetsFlutterBinding.drawFrame (package:flutter_test/src/binding.dart:1508:27)
#239    RendererBinding._handlePersistentFrameCallback (package:flutter/src/rendering/binding.dart:495:5)
#240    SchedulerBinding._invokeFrameCallback (package:flutter/src/scheduler/binding.dart:1434:15)
#241    SchedulerBinding.handleDrawFrame (package:flutter/src/scheduler/binding.dart:1347:9)
#242    AutomatedTestWidgetsFlutterBinding.pump.<anonymous closure> (package:flutter_test/src/binding.dart:1335:9)
#245    TestAsyncUtils.guard (package:flutter_test/src/test_async_utils.dart:74:41)
#246    AutomatedTestWidgetsFlutterBinding.pump (package:flutter_test/src/binding.dart:1324:27)
#247    WidgetTester.pump.<anonymous closure> (package:flutter_test/src/widget_tester.dart:652:53)
#250    TestAsyncUtils.guard (package:flutter_test/src/test_async_utils.dart:74:41)
#251    WidgetTester.pump (package:flutter_test/src/widget_tester.dart:652:27)
#252    main._settle (file:///C:/Users/alext/Downloads/nutritracker/nutritracker/test/recipe/recipe_premium_test.dart:14:18)
#253    main.<anonymous closure> (file:///C:/Users/alext/Downloads/nutritracker/nutritracker/test/recipe/recipe_premium_test.dart:39:11)
<asynchronous suspension>
#254    testWidgets.<anonymous closure>.<anonymous closure> (package:flutter_test/src/widget_tester.dart:192:15)
<asynchronous suspension>
#255    TestWidgetsFlutterBinding._runTestBody (package:flutter_test/src/binding.dart:1059:5)
<asynchronous suspension>
<asynchronous suspension>
(elided 5 frames from dart:async and package:stack_trace)

════════════════════════════════════════════════════════════════════════════════════════════════════
══╡ EXCEPTION CAUGHT BY WIDGETS LIBRARY ╞═══════════════════════════════════════════════════════════
The following _TypeError was thrown building RecipeCardWidget(dependencies:
[_LocalizationsScope-[GlobalKey#93254]]):
Null check operator used on a null value

The relevant error-causing widget was:
  RecipeCardWidget
  RecipeCardWidget:file:///C:/Users/alext/Downloads/nutritracker/nutritracker/lib/presentation/recipe_browser/widgets/recipe_grid_widget.dart:58:18

When the exception was thrown, this was the stack:
#0      RecipeCardWidget.build (package:nutriz/presentation/recipe_browser/widgets/recipe_card_widget.dart:28:43)
#1      StatelessElement.build (package:flutter/src/widgets/framework.dart:5892:49)
#2      ComponentElement.performRebuild (package:flutter/src/widgets/framework.dart:5820:15)
#3      Element.rebuild (package:flutter/src/widgets/framework.dart:5532:7)
#4      StatelessElement.update (package:flutter/src/widgets/framework.dart:5898:5)
#5      Element.updateChild (package:flutter/src/widgets/framework.dart:4037:15)
#6      SingleChildRenderObjectElement.update (package:flutter/src/widgets/framework.dart:7125:14)
#7      Element.updateChild (package:flutter/src/widgets/framework.dart:4037:15)
#8      SingleChildRenderObjectElement.update (package:flutter/src/widgets/framework.dart:7125:14)
#9      Element.updateChild (package:flutter/src/widgets/framework.dart:4037:15)
#10     ComponentElement.performRebuild (package:flutter/src/widgets/framework.dart:5844:16)
#11     StatefulElement.performRebuild (package:flutter/src/widgets/framework.dart:5985:11)
#12     Element.rebuild (package:flutter/src/widgets/framework.dart:5532:7)
#13     StatefulElement.update (package:flutter/src/widgets/framework.dart:6010:5)
#14     Element.updateChild (package:flutter/src/widgets/framework.dart:4037:15)
#15     ComponentElement.performRebuild (package:flutter/src/widgets/framework.dart:5844:16)
#16     Element.rebuild (package:flutter/src/widgets/framework.dart:5532:7)
#17     ProxyElement.update (package:flutter/src/widgets/framework.dart:6152:5)
#18     Element.updateChild (package:flutter/src/widgets/framework.dart:4037:15)
#19     ComponentElement.performRebuild (package:flutter/src/widgets/framework.dart:5844:16)
#20     Element.rebuild (package:flutter/src/widgets/framework.dart:5532:7)
#21     ProxyElement.update (package:flutter/src/widgets/framework.dart:6152:5)
#22     Element.updateChild (package:flutter/src/widgets/framework.dart:4037:15)
#23     ComponentElement.performRebuild (package:flutter/src/widgets/framework.dart:5844:16)
#24     StatefulElement.performRebuild (package:flutter/src/widgets/framework.dart:5985:11)
#25     Element.rebuild (package:flutter/src/widgets/framework.dart:5532:7)
#26     StatefulElement.update (package:flutter/src/widgets/framework.dart:6010:5)
#27     Element.updateChild (package:flutter/src/widgets/framework.dart:4037:15)
#28     ComponentElement.performRebuild (package:flutter/src/widgets/framework.dart:5844:16)
#29     Element.rebuild (package:flutter/src/widgets/framework.dart:5532:7)
#30     StatelessElement.update (package:flutter/src/widgets/framework.dart:5898:5)
#31     Element.updateChild (package:flutter/src/widgets/framework.dart:4037:15)
#32     SliverMultiBoxAdaptorElement.updateChild (package:flutter/src/widgets/sliver.dart:1068:37)
#33     SliverMultiBoxAdaptorElement.performRebuild.processElement (package:flutter/src/widgets/sliver.dart:959:35)
#34     Iterable.forEach (dart:core/iterable.dart:366:35)
#35     SliverMultiBoxAdaptorElement.performRebuild (package:flutter/src/widgets/sliver.dart:1013:24)
#36     SliverMultiBoxAdaptorElement.update (package:flutter/src/widgets/sliver.dart:935:7)
#37     Element.updateChild (package:flutter/src/widgets/framework.dart:4037:15)
#38     SingleChildRenderObjectElement.update (package:flutter/src/widgets/framework.dart:7125:14)
#39     Element.updateChild (package:flutter/src/widgets/framework.dart:4037:15)
#40     Element.updateChildren (package:flutter/src/widgets/framework.dart:4194:32)
#41     MultiChildRenderObjectElement.update (package:flutter/src/widgets/framework.dart:7302:17)
#42     _ViewportElement.update (package:flutter/src/widgets/viewport.dart:264:11)
#43     Element.updateChild (package:flutter/src/widgets/framework.dart:4037:15)
#44     SingleChildRenderObjectElement.update (package:flutter/src/widgets/framework.dart:7125:14)
#45     Element.updateChild (package:flutter/src/widgets/framework.dart:4037:15)
#46     SingleChildRenderObjectElement.update (package:flutter/src/widgets/framework.dart:7125:14)
#47     Element.updateChild (package:flutter/src/widgets/framework.dart:4037:15)
#48     SingleChildRenderObjectElement.update (package:flutter/src/widgets/framework.dart:7125:14)
#49     Element.updateChild (package:flutter/src/widgets/framework.dart:4037:15)
#50     SingleChildRenderObjectElement.update (package:flutter/src/widgets/framework.dart:7125:14)
#51     Element.updateChild (package:flutter/src/widgets/framework.dart:4037:15)
#52     ComponentElement.performRebuild (package:flutter/src/widgets/framework.dart:5844:16)
#53     StatefulElement.performRebuild (package:flutter/src/widgets/framework.dart:5985:11)
#54     Element.rebuild (package:flutter/src/widgets/framework.dart:5532:7)
#55     StatefulElement.update (package:flutter/src/widgets/framework.dart:6010:5)
#56     Element.updateChild (package:flutter/src/widgets/framework.dart:4037:15)
#57     SingleChildRenderObjectElement.update (package:flutter/src/widgets/framework.dart:7125:14)
#58     Element.updateChild (package:flutter/src/widgets/framework.dart:4037:15)
#59     ComponentElement.performRebuild (package:flutter/src/widgets/framework.dart:5844:16)
#60     Element.rebuild (package:flutter/src/widgets/framework.dart:5532:7)
#61     ProxyElement.update (package:flutter/src/widgets/framework.dart:6152:5)
#62     Element.updateChild (package:flutter/src/widgets/framework.dart:4037:15)
#63     SingleChildRenderObjectElement.update (package:flutter/src/widgets/framework.dart:7125:14)
#64     Element.updateChild (package:flutter/src/widgets/framework.dart:4037:15)
#65     ComponentElement.performRebuild (package:flutter/src/widgets/framework.dart:5844:16)
#66     Element.rebuild (package:flutter/src/widgets/framework.dart:5532:7)
#67     ProxyElement.update (package:flutter/src/widgets/framework.dart:6152:5)
#68     Element.updateChild (package:flutter/src/widgets/framework.dart:4037:15)
#69     SingleChildRenderObjectElement.update (package:flutter/src/widgets/framework.dart:7125:14)
#70     Element.updateChild (package:flutter/src/widgets/framework.dart:4037:15)
#71     ComponentElement.performRebuild (package:flutter/src/widgets/framework.dart:5844:16)
#72     Element.rebuild (package:flutter/src/widgets/framework.dart:5532:7)
#73     StatelessElement.update (package:flutter/src/widgets/framework.dart:5898:5)
#74     Element.updateChild (package:flutter/src/widgets/framework.dart:4037:15)
#75     SingleChildRenderObjectElement.update (package:flutter/src/widgets/framework.dart:7125:14)
#76     Element.updateChild (package:flutter/src/widgets/framework.dart:4037:15)
#77     ComponentElement.performRebuild (package:flutter/src/widgets/framework.dart:5844:16)
#78     StatefulElement.performRebuild (package:flutter/src/widgets/framework.dart:5985:11)
#79     Element.rebuild (package:flutter/src/widgets/framework.dart:5532:7)
#80     StatefulElement.update (package:flutter/src/widgets/framework.dart:6010:5)
#81     Element.updateChild (package:flutter/src/widgets/framework.dart:4037:15)
#82     ComponentElement.performRebuild (package:flutter/src/widgets/framework.dart:5844:16)
#83     Element.rebuild (package:flutter/src/widgets/framework.dart:5532:7)
#84     ProxyElement.update (package:flutter/src/widgets/framework.dart:6152:5)
#85     Element.updateChild (package:flutter/src/widgets/framework.dart:4037:15)
#86     ComponentElement.performRebuild (package:flutter/src/widgets/framework.dart:5844:16)
#87     StatefulElement.performRebuild (package:flutter/src/widgets/framework.dart:5985:11)
#88     Element.rebuild (package:flutter/src/widgets/framework.dart:5532:7)
#89     StatefulElement.update (package:flutter/src/widgets/framework.dart:6010:5)
#90     Element.updateChild (package:flutter/src/widgets/framework.dart:4037:15)
#91     ComponentElement.performRebuild (package:flutter/src/widgets/framework.dart:5844:16)
#92     StatefulElement.performRebuild (package:flutter/src/widgets/framework.dart:5985:11)
#93     Element.rebuild (package:flutter/src/widgets/framework.dart:5532:7)
#94     StatefulElement.update (package:flutter/src/widgets/framework.dart:6010:5)
#95     Element.updateChild (package:flutter/src/widgets/framework.dart:4037:15)
#96     ComponentElement.performRebuild (package:flutter/src/widgets/framework.dart:5844:16)
#97     Element.rebuild (package:flutter/src/widgets/framework.dart:5532:7)
#98     ProxyElement.update (package:flutter/src/widgets/framework.dart:6152:5)
#99     Element.updateChild (package:flutter/src/widgets/framework.dart:4037:15)
#100    ComponentElement.performRebuild (package:flutter/src/widgets/framework.dart:5844:16)
#101    Element.rebuild (package:flutter/src/widgets/framework.dart:5532:7)
#102    StatelessElement.update (package:flutter/src/widgets/framework.dart:5898:5)
#103    Element.updateChild (package:flutter/src/widgets/framework.dart:4037:15)
#104    ComponentElement.performRebuild (package:flutter/src/widgets/framework.dart:5844:16)
#105    Element.rebuild (package:flutter/src/widgets/framework.dart:5532:7)
#106    ProxyElement.update (package:flutter/src/widgets/framework.dart:6152:5)
#107    Element.updateChild (package:flutter/src/widgets/framework.dart:4037:15)
#108    ComponentElement.performRebuild (package:flutter/src/widgets/framework.dart:5844:16)
#109    Element.rebuild (package:flutter/src/widgets/framework.dart:5532:7)
#110    StatelessElement.update (package:flutter/src/widgets/framework.dart:5898:5)
#111    Element.updateChild (package:flutter/src/widgets/framework.dart:4037:15)
#112    ComponentElement.performRebuild (package:flutter/src/widgets/framework.dart:5844:16)
#113    Element.rebuild (package:flutter/src/widgets/framework.dart:5532:7)
#114    ProxyElement.update (package:flutter/src/widgets/framework.dart:6152:5)
#115    Element.updateChild (package:flutter/src/widgets/framework.dart:4037:15)
#116    ComponentElement.performRebuild (package:flutter/src/widgets/framework.dart:5844:16)
#117    Element.rebuild (package:flutter/src/widgets/framework.dart:5532:7)
#118    ProxyElement.update (package:flutter/src/widgets/framework.dart:6152:5)
#119    Element.updateChild (package:flutter/src/widgets/framework.dart:4037:15)
#120    Element.updateChildren (package:flutter/src/widgets/framework.dart:4194:32)
#121    MultiChildRenderObjectElement.update (package:flutter/src/widgets/framework.dart:7302:17)
#122    Element.updateChild (package:flutter/src/widgets/framework.dart:4037:15)
#123    ComponentElement.performRebuild (package:flutter/src/widgets/framework.dart:5844:16)
#124    StatefulElement.performRebuild (package:flutter/src/widgets/framework.dart:5985:11)
#125    Element.rebuild (package:flutter/src/widgets/framework.dart:5532:7)
#126    StatefulElement.update (package:flutter/src/widgets/framework.dart:6010:5)
#127    Element.updateChild (package:flutter/src/widgets/framework.dart:4037:15)
#128    ComponentElement.performRebuild (package:flutter/src/widgets/framework.dart:5844:16)
#129    Element.rebuild (package:flutter/src/widgets/framework.dart:5532:7)
#130    ProxyElement.update (package:flutter/src/widgets/framework.dart:6152:5)
#131    Element.updateChild (package:flutter/src/widgets/framework.dart:4037:15)
#132    Element.updateChildren (package:flutter/src/widgets/framework.dart:4288:32)
#133    MultiChildRenderObjectElement.update (package:flutter/src/widgets/framework.dart:7302:17)
#134    Element.updateChild (package:flutter/src/widgets/framework.dart:4037:15)
#135    ComponentElement.performRebuild (package:flutter/src/widgets/framework.dart:5844:16)
#136    Element.rebuild (package:flutter/src/widgets/framework.dart:5532:7)
#137    StatelessElement.update (package:flutter/src/widgets/framework.dart:5898:5)
#138    Element.updateChild (package:flutter/src/widgets/framework.dart:4037:15)
#139    ComponentElement.performRebuild (package:flutter/src/widgets/framework.dart:5844:16)
#140    Element.rebuild (package:flutter/src/widgets/framework.dart:5532:7)
#141    StatelessElement.update (package:flutter/src/widgets/framework.dart:5898:5)
#142    Element.updateChild (package:flutter/src/widgets/framework.dart:4037:15)
#143    ComponentElement.performRebuild (package:flutter/src/widgets/framework.dart:5844:16)
#144    Element.rebuild (package:flutter/src/widgets/framework.dart:5532:7)
#145    ProxyElement.update (package:flutter/src/widgets/framework.dart:6152:5)
#146    Element.updateChild (package:flutter/src/widgets/framework.dart:4037:15)
#147    ComponentElement.performRebuild (package:flutter/src/widgets/framework.dart:5844:16)
#148    Element.rebuild (package:flutter/src/widgets/framework.dart:5532:7)
#149    ProxyElement.update (package:flutter/src/widgets/framework.dart:6152:5)
#150    Element.updateChild (package:flutter/src/widgets/framework.dart:4037:15)
#151    Element.updateChildren (package:flutter/src/widgets/framework.dart:4194:32)
#152    MultiChildRenderObjectElement.update (package:flutter/src/widgets/framework.dart:7302:17)
#153    Element.updateChild (package:flutter/src/widgets/framework.dart:4037:15)
#154    ComponentElement.performRebuild (package:flutter/src/widgets/framework.dart:5844:16)
#155    Element.rebuild (package:flutter/src/widgets/framework.dart:5532:7)
#156    ProxyElement.update (package:flutter/src/widgets/framework.dart:6152:5)
#157    Element.updateChild (package:flutter/src/widgets/framework.dart:4037:15)
#158    ComponentElement.performRebuild (package:flutter/src/widgets/framework.dart:5844:16)
#159    StatefulElement.performRebuild (package:flutter/src/widgets/framework.dart:5985:11)
#160    Element.rebuild (package:flutter/src/widgets/framework.dart:5532:7)
#161    StatefulElement.update (package:flutter/src/widgets/framework.dart:6010:5)
#162    Element.updateChild (package:flutter/src/widgets/framework.dart:4037:15)
#163    ComponentElement.performRebuild (package:flutter/src/widgets/framework.dart:5844:16)
#164    StatefulElement.performRebuild (package:flutter/src/widgets/framework.dart:5985:11)
#165    Element.rebuild (package:flutter/src/widgets/framework.dart:5532:7)
#166    StatefulElement.update (package:flutter/src/widgets/framework.dart:6010:5)
#167    Element.updateChild (package:flutter/src/widgets/framework.dart:4037:15)
#168    ComponentElement.performRebuild (package:flutter/src/widgets/framework.dart:5844:16)
#169    Element.rebuild (package:flutter/src/widgets/framework.dart:5532:7)
#170    ProxyElement.update (package:flutter/src/widgets/framework.dart:6152:5)
#171    Element.updateChild (package:flutter/src/widgets/framework.dart:4037:15)
#172    ComponentElement.performRebuild (package:flutter/src/widgets/framework.dart:5844:16)
#173    StatefulElement.performRebuild (package:flutter/src/widgets/framework.dart:5985:11)
#174    Element.rebuild (package:flutter/src/widgets/framework.dart:5532:7)
#175    StatefulElement.update (package:flutter/src/widgets/framework.dart:6010:5)
#176    Element.updateChild (package:flutter/src/widgets/framework.dart:4037:15)
#177    SingleChildRenderObjectElement.update (package:flutter/src/widgets/framework.dart:7125:14)
#178    Element.updateChild (package:flutter/src/widgets/framework.dart:4037:15)
#179    ComponentElement.performRebuild (package:flutter/src/widgets/framework.dart:5844:16)
#180    Element.rebuild (package:flutter/src/widgets/framework.dart:5532:7)
#181    ProxyElement.update (package:flutter/src/widgets/framework.dart:6152:5)
#182    Element.updateChild (package:flutter/src/widgets/framework.dart:4037:15)
#183    SingleChildRenderObjectElement.update (package:flutter/src/widgets/framework.dart:7125:14)
#184    Element.updateChild (package:flutter/src/widgets/framework.dart:4037:15)
#185    ComponentElement.performRebuild (package:flutter/src/widgets/framework.dart:5844:16)
#186    StatefulElement.performRebuild (package:flutter/src/widgets/framework.dart:5985:11)
#187    Element.rebuild (package:flutter/src/widgets/framework.dart:5532:7)
#188    StatefulElement.update (package:flutter/src/widgets/framework.dart:6010:5)
#189    Element.updateChild (package:flutter/src/widgets/framework.dart:4037:15)
#190    ComponentElement.performRebuild (package:flutter/src/widgets/framework.dart:5844:16)
#191    StatefulElement.performRebuild (package:flutter/src/widgets/framework.dart:5985:11)
#192    Element.rebuild (package:flutter/src/widgets/framework.dart:5532:7)
#193    StatefulElement.update (package:flutter/src/widgets/framework.dart:6010:5)
#194    Element.updateChild (package:flutter/src/widgets/framework.dart:4037:15)
#195    ComponentElement.performRebuild (package:flutter/src/widgets/framework.dart:5844:16)
#196    Element.rebuild (package:flutter/src/widgets/framework.dart:5532:7)
#197    ProxyElement.update (package:flutter/src/widgets/framework.dart:6152:5)
#198    Element.updateChild (package:flutter/src/widgets/framework.dart:4037:15)
#199    ComponentElement.performRebuild (package:flutter/src/widgets/framework.dart:5844:16)
#200    Element.rebuild (package:flutter/src/widgets/framework.dart:5532:7)
#201    ProxyElement.update (package:flutter/src/widgets/framework.dart:6152:5)
#202    Element.updateChild (package:flutter/src/widgets/framework.dart:4037:15)
#203    ComponentElement.performRebuild (package:flutter/src/widgets/framework.dart:5844:16)
#204    Element.rebuild (package:flutter/src/widgets/framework.dart:5532:7)
#205    ProxyElement.update (package:flutter/src/widgets/framework.dart:6152:5)
#206    Element.updateChild (package:flutter/src/widgets/framework.dart:4037:15)
#207    ComponentElement.performRebuild (package:flutter/src/widgets/framework.dart:5844:16)
#208    StatefulElement.performRebuild (package:flutter/src/widgets/framework.dart:5985:11)
#209    Element.rebuild (package:flutter/src/widgets/framework.dart:5532:7)
#210    StatefulElement.update (package:flutter/src/widgets/framework.dart:6010:5)
#211    Element.updateChild (package:flutter/src/widgets/framework.dart:4037:15)
#212    ComponentElement.performRebuild (package:flutter/src/widgets/framework.dart:5844:16)
#213    Element.rebuild (package:flutter/src/widgets/framework.dart:5532:7)
#214    ProxyElement.update (package:flutter/src/widgets/framework.dart:6152:5)
#215    Element.updateChild (package:flutter/src/widgets/framework.dart:4037:15)
#216    ComponentElement.performRebuild (package:flutter/src/widgets/framework.dart:5844:16)
#217    StatefulElement.performRebuild (package:flutter/src/widgets/framework.dart:5985:11)
#218    Element.rebuild (package:flutter/src/widgets/framework.dart:5532:7)
#219    StatefulElement.update (package:flutter/src/widgets/framework.dart:6010:5)
#220    Element.updateChild (package:flutter/src/widgets/framework.dart:4037:15)
#221    ComponentElement.performRebuild (package:flutter/src/widgets/framework.dart:5844:16)
#222    StatefulElement.performRebuild (package:flutter/src/widgets/framework.dart:5985:11)
#223    Element.rebuild (package:flutter/src/widgets/framework.dart:5532:7)
#224    BuildScope._tryRebuild (package:flutter/src/widgets/framework.dart:2750:15)
#225    BuildScope._flushDirtyElements (package:flutter/src/widgets/framework.dart:2807:11)
#226    BuildOwner.buildScope (package:flutter/src/widgets/framework.dart:3111:18)
#227    _LayoutBuilderElement._rebuildWithConstraints (package:flutter/src/widgets/layout_builder.dart:271:12)
#228    RenderAbstractLayoutBuilderMixin.layoutCallback (package:flutter/src/widgets/layout_builder.dart:334:38)
#229    RenderObjectWithLayoutCallbackMixin.runLayoutCallback.<anonymous closure> (package:flutter/src/rendering/object.dart:4169:33)
#230    RenderObject.invokeLayoutCallback.<anonymous closure> (package:flutter/src/rendering/object.dart:2894:17)
#231    PipelineOwner._enableMutationsToDirtySubtrees (package:flutter/src/rendering/object.dart:1219:15)
#232    RenderObject.invokeLayoutCallback (package:flutter/src/rendering/object.dart:2893:14)
#233    RenderObjectWithLayoutCallbackMixin.runLayoutCallback (package:flutter/src/rendering/object.dart:4169:5)
#234    _RenderLayoutBuilder.performLayout (package:flutter/src/widgets/layout_builder.dart:448:5)
#235    RenderObject._layoutWithoutResize (package:flutter/src/rendering/object.dart:2623:7)
#236    PipelineOwner.flushLayout (package:flutter/src/rendering/object.dart:1170:18)
#237    PipelineOwner.flushLayout (package:flutter/src/rendering/object.dart:1183:15)
#238    AutomatedTestWidgetsFlutterBinding.drawFrame (package:flutter_test/src/binding.dart:1508:27)
#239    RendererBinding._handlePersistentFrameCallback (package:flutter/src/rendering/binding.dart:495:5)
#240    SchedulerBinding._invokeFrameCallback (package:flutter/src/scheduler/binding.dart:1434:15)
#241    SchedulerBinding.handleDrawFrame (package:flutter/src/scheduler/binding.dart:1347:9)
#242    AutomatedTestWidgetsFlutterBinding.pump.<anonymous closure> (package:flutter_test/src/binding.dart:1335:9)
#245    TestAsyncUtils.guard (package:flutter_test/src/test_async_utils.dart:74:41)
#246    AutomatedTestWidgetsFlutterBinding.pump (package:flutter_test/src/binding.dart:1324:27)
#247    WidgetTester.pump.<anonymous closure> (package:flutter_test/src/widget_tester.dart:652:53)
#250    TestAsyncUtils.guard (package:flutter_test/src/test_async_utils.dart:74:41)
#251    WidgetTester.pump (package:flutter_test/src/widget_tester.dart:652:27)
#252    main._settle (file:///C:/Users/alext/Downloads/nutritracker/nutritracker/test/recipe/recipe_premium_test.dart:14:18)
#253    main.<anonymous closure> (file:///C:/Users/alext/Downloads/nutritracker/nutritracker/test/recipe/recipe_premium_test.dart:39:11)
<asynchronous suspension>
#254    testWidgets.<anonymous closure>.<anonymous closure> (package:flutter_test/src/widget_tester.dart:192:15)
<asynchronous suspension>
#255    TestWidgetsFlutterBinding._runTestBody (package:flutter_test/src/binding.dart:1059:5)
<asynchronous suspension>
<asynchronous suspension>
(elided 5 frames from dart:async and package:stack_trace)

════════════════════════════════════════════════════════════════════════════════════════════════════
══╡ EXCEPTION CAUGHT BY WIDGETS LIBRARY ╞═══════════════════════════════════════════════════════════
The following _TypeError was thrown building RecipeCardWidget(dirty, dependencies:
[_LocalizationsScope-[GlobalKey#93254]]):
Null check operator used on a null value

The relevant error-causing widget was:
  RecipeCardWidget
  RecipeCardWidget:file:///C:/Users/alext/Downloads/nutritracker/nutritracker/lib/presentation/recipe_browser/widgets/recipe_grid_widget.dart:58:18

When the exception was thrown, this was the stack:
#0      RecipeCardWidget.build (package:nutriz/presentation/recipe_browser/widgets/recipe_card_widget.dart:28:43)
#1      StatelessElement.build (package:flutter/src/widgets/framework.dart:5892:49)
#2      ComponentElement.performRebuild (package:flutter/src/widgets/framework.dart:5820:15)
#3      Element.rebuild (package:flutter/src/widgets/framework.dart:5532:7)
#4      ComponentElement._firstBuild (package:flutter/src/widgets/framework.dart:5802:5)
#5      ComponentElement.mount (package:flutter/src/widgets/framework.dart:5796:5)
...     Normal element mounting (41 frames)
#46     Element.inflateWidget (package:flutter/src/widgets/framework.dart:4590:20)
#47     Element.updateChild (package:flutter/src/widgets/framework.dart:4059:18)
#48     SliverMultiBoxAdaptorElement.updateChild (package:flutter/src/widgets/sliver.dart:1068:37)
#49     SliverMultiBoxAdaptorElement.createChild.<anonymous closure> (package:flutter/src/widgets/sliver.dart:1052:20)
#50     BuildOwner.buildScope (package:flutter/src/widgets/framework.dart:3101:19)
#51     SliverMultiBoxAdaptorElement.createChild (package:flutter/src/widgets/sliver.dart:1042:12)
#52     RenderSliverMultiBoxAdaptor._createOrObtainChild.<anonymous closure> (package:flutter/src/rendering/sliver_multi_box_adaptor.dart:372:23)
#53     RenderObject.invokeLayoutCallback.<anonymous closure> (package:flutter/src/rendering/object.dart:2894:17)
#54     PipelineOwner._enableMutationsToDirtySubtrees (package:flutter/src/rendering/object.dart:1219:15)
#55     RenderObject.invokeLayoutCallback (package:flutter/src/rendering/object.dart:2893:14)
#56     RenderSliverMultiBoxAdaptor._createOrObtainChild (package:flutter/src/rendering/sliver_multi_box_adaptor.dart:360:5)
#57     RenderSliverMultiBoxAdaptor.insertAndLayoutChild (package:flutter/src/rendering/sliver_multi_box_adaptor.dart:523:5)
#58     RenderSliverGrid.performLayout (package:flutter/src/rendering/sliver_grid.dart:668:17)
#59     RenderObject.layout (package:flutter/src/rendering/object.dart:2775:7)
#60     RenderSliverEdgeInsetsPadding.performLayout (package:flutter/src/rendering/sliver_padding.dart:133:12)
#61     RenderSliverPadding.performLayout (package:flutter/src/rendering/sliver_padding.dart:371:11)
#62     RenderObject.layout (package:flutter/src/rendering/object.dart:2775:7)
#63     RenderViewportBase.layoutChildSequence (package:flutter/src/rendering/viewport.dart:673:13)
#64     RenderViewport._attemptLayout (package:flutter/src/rendering/viewport.dart:1684:12)
#65     RenderViewport.performLayout (package:flutter/src/rendering/viewport.dart:1575:20)
#66     RenderObject.layout (package:flutter/src/rendering/object.dart:2775:7)
#67     RenderProxyBoxMixin.performLayout (package:flutter/src/rendering/proxy_box.dart:115:18)
#68     RenderObject.layout (package:flutter/src/rendering/object.dart:2775:7)
#69     RenderProxyBoxMixin.performLayout (package:flutter/src/rendering/proxy_box.dart:115:18)
#70     RenderObject.layout (package:flutter/src/rendering/object.dart:2775:7)
#71     RenderProxyBoxMixin.performLayout (package:flutter/src/rendering/proxy_box.dart:115:18)
#72     RenderObject.layout (package:flutter/src/rendering/object.dart:2775:7)
#73     RenderProxyBoxMixin.performLayout (package:flutter/src/rendering/proxy_box.dart:115:18)
#74     RenderObject.layout (package:flutter/src/rendering/object.dart:2775:7)
#75     RenderProxyBoxMixin.performLayout (package:flutter/src/rendering/proxy_box.dart:115:18)
#76     RenderObject.layout (package:flutter/src/rendering/object.dart:2775:7)
#77     RenderProxyBoxMixin.performLayout (package:flutter/src/rendering/proxy_box.dart:115:18)
#78     RenderObject.layout (package:flutter/src/rendering/object.dart:2775:7)
#79     RenderProxyBoxMixin.performLayout (package:flutter/src/rendering/proxy_box.dart:115:18)
#80     RenderObject.layout (package:flutter/src/rendering/object.dart:2775:7)
#81     RenderProxyBoxMixin.performLayout (package:flutter/src/rendering/proxy_box.dart:115:18)
#82     _RenderCustomClip.performLayout (package:flutter/src/rendering/proxy_box.dart:1481:11)
#83     RenderObject.layout (package:flutter/src/rendering/object.dart:2775:7)
#84     ChildLayoutHelper.layoutChild (package:flutter/src/rendering/layout_helper.dart:62:11)
#85     RenderStack._computeSize (package:flutter/src/rendering/stack.dart:645:43)
#86     RenderStack.performLayout (package:flutter/src/rendering/stack.dart:680:12)
#87     RenderObject.layout (package:flutter/src/rendering/object.dart:2775:7)
#88     ChildLayoutHelper.layoutChild (package:flutter/src/rendering/layout_helper.dart:62:11)
#89     RenderFlex._computeSizes (package:flutter/src/rendering/flex.dart:1203:26)
#90     RenderFlex.performLayout (package:flutter/src/rendering/flex.dart:1257:32)
#91     RenderObject.layout (package:flutter/src/rendering/object.dart:2775:7)
#92     MultiChildLayoutDelegate.layoutChild (package:flutter/src/rendering/custom_layout.dart:180:12)
#93     _ScaffoldLayout.performLayout (package:flutter/src/material/scaffold.dart:1112:7)
#94     MultiChildLayoutDelegate._callPerformLayout (package:flutter/src/rendering/custom_layout.dart:249:7)
#95     RenderCustomMultiChildLayoutBox.performLayout (package:flutter/src/rendering/custom_layout.dart:420:14)
#96     RenderObject._layoutWithoutResize (package:flutter/src/rendering/object.dart:2623:7)
#97     PipelineOwner.flushLayout (package:flutter/src/rendering/object.dart:1170:18)
#98     PipelineOwner.flushLayout (package:flutter/src/rendering/object.dart:1183:15)
#99     AutomatedTestWidgetsFlutterBinding.drawFrame (package:flutter_test/src/binding.dart:1508:27)
#100    RendererBinding._handlePersistentFrameCallback (package:flutter/src/rendering/binding.dart:495:5)
#101    SchedulerBinding._invokeFrameCallback (package:flutter/src/scheduler/binding.dart:1434:15)
#102    SchedulerBinding.handleDrawFrame (package:flutter/src/scheduler/binding.dart:1347:9)
#103    AutomatedTestWidgetsFlutterBinding.pump.<anonymous closure> (package:flutter_test/src/binding.dart:1335:9)
#106    TestAsyncUtils.guard (package:flutter_test/src/test_async_utils.dart:74:41)
#107    AutomatedTestWidgetsFlutterBinding.pump (package:flutter_test/src/binding.dart:1324:27)
#108    WidgetTester.pump.<anonymous closure> (package:flutter_test/src/widget_tester.dart:652:53)
#111    TestAsyncUtils.guard (package:flutter_test/src/test_async_utils.dart:74:41)
#112    WidgetTester.pump (package:flutter_test/src/widget_tester.dart:652:27)
#113    main._settle (file:///C:/Users/alext/Downloads/nutritracker/nutritracker/test/recipe/recipe_premium_test.dart:14:18)
#114    main.<anonymous closure> (file:///C:/Users/alext/Downloads/nutritracker/nutritracker/test/recipe/recipe_premium_test.dart:39:11)
<asynchronous suspension>
#115    testWidgets.<anonymous closure>.<anonymous closure> (package:flutter_test/src/widget_tester.dart:192:15)
<asynchronous suspension>
#116    TestWidgetsFlutterBinding._runTestBody (package:flutter_test/src/binding.dart:1059:5)
<asynchronous suspension>
<asynchronous suspension>
(elided 5 frames from dart:async and package:stack_trace)

════════════════════════════════════════════════════════════════════════════════════════════════════
══╡ EXCEPTION CAUGHT BY WIDGETS LIBRARY ╞═══════════════════════════════════════════════════════════
The following _TypeError was thrown building RecipeCardWidget(dirty, dependencies:
[_LocalizationsScope-[GlobalKey#93254]]):
Null check operator used on a null value

The relevant error-causing widget was:
  RecipeCardWidget
  RecipeCardWidget:file:///C:/Users/alext/Downloads/nutritracker/nutritracker/lib/presentation/recipe_browser/widgets/recipe_grid_widget.dart:58:18

When the exception was thrown, this was the stack:
#0      RecipeCardWidget.build (package:nutriz/presentation/recipe_browser/widgets/recipe_card_widget.dart:28:43)
#1      StatelessElement.build (package:flutter/src/widgets/framework.dart:5892:49)
#2      ComponentElement.performRebuild (package:flutter/src/widgets/framework.dart:5820:15)
#3      Element.rebuild (package:flutter/src/widgets/framework.dart:5532:7)
#4      ComponentElement._firstBuild (package:flutter/src/widgets/framework.dart:5802:5)
#5      ComponentElement.mount (package:flutter/src/widgets/framework.dart:5796:5)
...     Normal element mounting (41 frames)
#46     Element.inflateWidget (package:flutter/src/widgets/framework.dart:4590:20)
#47     Element.updateChild (package:flutter/src/widgets/framework.dart:4059:18)
#48     SliverMultiBoxAdaptorElement.updateChild (package:flutter/src/widgets/sliver.dart:1068:37)
#49     SliverMultiBoxAdaptorElement.createChild.<anonymous closure> (package:flutter/src/widgets/sliver.dart:1052:20)
#50     BuildOwner.buildScope (package:flutter/src/widgets/framework.dart:3101:19)
#51     SliverMultiBoxAdaptorElement.createChild (package:flutter/src/widgets/sliver.dart:1042:12)
#52     RenderSliverMultiBoxAdaptor._createOrObtainChild.<anonymous closure> (package:flutter/src/rendering/sliver_multi_box_adaptor.dart:372:23)
#53     RenderObject.invokeLayoutCallback.<anonymous closure> (package:flutter/src/rendering/object.dart:2894:17)
#54     PipelineOwner._enableMutationsToDirtySubtrees (package:flutter/src/rendering/object.dart:1219:15)
#55     RenderObject.invokeLayoutCallback (package:flutter/src/rendering/object.dart:2893:14)
#56     RenderSliverMultiBoxAdaptor._createOrObtainChild (package:flutter/src/rendering/sliver_multi_box_adaptor.dart:360:5)
#57     RenderSliverMultiBoxAdaptor.insertAndLayoutChild (package:flutter/src/rendering/sliver_multi_box_adaptor.dart:523:5)
#58     RenderSliverGrid.performLayout (package:flutter/src/rendering/sliver_grid.dart:668:17)
#59     RenderObject.layout (package:flutter/src/rendering/object.dart:2775:7)
#60     RenderSliverEdgeInsetsPadding.performLayout (package:flutter/src/rendering/sliver_padding.dart:133:12)
#61     RenderSliverPadding.performLayout (package:flutter/src/rendering/sliver_padding.dart:371:11)
#62     RenderObject.layout (package:flutter/src/rendering/object.dart:2775:7)
#63     RenderViewportBase.layoutChildSequence (package:flutter/src/rendering/viewport.dart:673:13)
#64     RenderViewport._attemptLayout (package:flutter/src/rendering/viewport.dart:1684:12)
#65     RenderViewport.performLayout (package:flutter/src/rendering/viewport.dart:1575:20)
#66     RenderObject.layout (package:flutter/src/rendering/object.dart:2775:7)
#67     RenderProxyBoxMixin.performLayout (package:flutter/src/rendering/proxy_box.dart:115:18)
#68     RenderObject.layout (package:flutter/src/rendering/object.dart:2775:7)
#69     RenderProxyBoxMixin.performLayout (package:flutter/src/rendering/proxy_box.dart:115:18)
#70     RenderObject.layout (package:flutter/src/rendering/object.dart:2775:7)
#71     RenderProxyBoxMixin.performLayout (package:flutter/src/rendering/proxy_box.dart:115:18)
#72     RenderObject.layout (package:flutter/src/rendering/object.dart:2775:7)
#73     RenderProxyBoxMixin.performLayout (package:flutter/src/rendering/proxy_box.dart:115:18)
#74     RenderObject.layout (package:flutter/src/rendering/object.dart:2775:7)
#75     RenderProxyBoxMixin.performLayout (package:flutter/src/rendering/proxy_box.dart:115:18)
#76     RenderObject.layout (package:flutter/src/rendering/object.dart:2775:7)
#77     RenderProxyBoxMixin.performLayout (package:flutter/src/rendering/proxy_box.dart:115:18)
#78     RenderObject.layout (package:flutter/src/rendering/object.dart:2775:7)
#79     RenderProxyBoxMixin.performLayout (package:flutter/src/rendering/proxy_box.dart:115:18)
#80     RenderObject.layout (package:flutter/src/rendering/object.dart:2775:7)
#81     RenderProxyBoxMixin.performLayout (package:flutter/src/rendering/proxy_box.dart:115:18)
#82     _RenderCustomClip.performLayout (package:flutter/src/rendering/proxy_box.dart:1481:11)
#83     RenderObject.layout (package:flutter/src/rendering/object.dart:2775:7)
#84     ChildLayoutHelper.layoutChild (package:flutter/src/rendering/layout_helper.dart:62:11)
#85     RenderStack._computeSize (package:flutter/src/rendering/stack.dart:645:43)
#86     RenderStack.performLayout (package:flutter/src/rendering/stack.dart:680:12)
#87     RenderObject.layout (package:flutter/src/rendering/object.dart:2775:7)
#88     ChildLayoutHelper.layoutChild (package:flutter/src/rendering/layout_helper.dart:62:11)
#89     RenderFlex._computeSizes (package:flutter/src/rendering/flex.dart:1203:26)
#90     RenderFlex.performLayout (package:flutter/src/rendering/flex.dart:1257:32)
#91     RenderObject.layout (package:flutter/src/rendering/object.dart:2775:7)
#92     MultiChildLayoutDelegate.layoutChild (package:flutter/src/rendering/custom_layout.dart:180:12)
#93     _ScaffoldLayout.performLayout (package:flutter/src/material/scaffold.dart:1112:7)
#94     MultiChildLayoutDelegate._callPerformLayout (package:flutter/src/rendering/custom_layout.dart:249:7)
#95     RenderCustomMultiChildLayoutBox.performLayout (package:flutter/src/rendering/custom_layout.dart:420:14)
#96     RenderObject._layoutWithoutResize (package:flutter/src/rendering/object.dart:2623:7)
#97     PipelineOwner.flushLayout (package:flutter/src/rendering/object.dart:1170:18)
#98     PipelineOwner.flushLayout (package:flutter/src/rendering/object.dart:1183:15)
#99     AutomatedTestWidgetsFlutterBinding.drawFrame (package:flutter_test/src/binding.dart:1508:27)
#100    RendererBinding._handlePersistentFrameCallback (package:flutter/src/rendering/binding.dart:495:5)
#101    SchedulerBinding._invokeFrameCallback (package:flutter/src/scheduler/binding.dart:1434:15)
#102    SchedulerBinding.handleDrawFrame (package:flutter/src/scheduler/binding.dart:1347:9)
#103    AutomatedTestWidgetsFlutterBinding.pump.<anonymous closure> (package:flutter_test/src/binding.dart:1335:9)
#106    TestAsyncUtils.guard (package:flutter_test/src/test_async_utils.dart:74:41)
#107    AutomatedTestWidgetsFlutterBinding.pump (package:flutter_test/src/binding.dart:1324:27)
#108    WidgetTester.pump.<anonymous closure> (package:flutter_test/src/widget_tester.dart:652:53)
#111    TestAsyncUtils.guard (package:flutter_test/src/test_async_utils.dart:74:41)
#112    WidgetTester.pump (package:flutter_test/src/widget_tester.dart:652:27)
#113    main._settle (file:///C:/Users/alext/Downloads/nutritracker/nutritracker/test/recipe/recipe_premium_test.dart:14:18)
#114    main.<anonymous closure> (file:///C:/Users/alext/Downloads/nutritracker/nutritracker/test/recipe/recipe_premium_test.dart:39:11)
<asynchronous suspension>
#115    testWidgets.<anonymous closure>.<anonymous closure> (package:flutter_test/src/widget_tester.dart:192:15)
<asynchronous suspension>
#116    TestWidgetsFlutterBinding._runTestBody (package:flutter_test/src/binding.dart:1059:5)
<asynchronous suspension>
<asynchronous suspension>
(elided 5 frames from dart:async and package:stack_trace)

════════════════════════════════════════════════════════════════════════════════════════════════════
══╡ EXCEPTION CAUGHT BY FLUTTER TEST FRAMEWORK ╞════════════════════════════════════════════════════
The following message was thrown:
Multiple exceptions (6) were detected during the running of the current test, and at least one was
unexpected.
════════════════════════════════════════════════════════════════════════════════════════════════════
00:02 +0 -2: Premium users não veem bloqueios nas receitas [E]
  Test failed. See exception logs above.
  The test description was: Premium users não veem bloqueios nas receitas
  
00:02 +0 -2: Some tests failed.
